// Jest Snapshot v1, https://goo.gl/fbAQLP

exports[`Swap checks if the component matches the snapshot 1`] = `
.emotion-0 {
  margin-top: 4rem;
  display: -webkit-box;
  display: -webkit-flex;
  display: -ms-flexbox;
  display: flex;
  -webkit-box-pack: center;
  -ms-flex-pack: center;
  -webkit-justify-content: center;
  justify-content: center;
}

@media (max-width:575.95px) {
  .emotion-0 {
    margin-top: 1rem;
    margin-bottom: 6rem;
    padding: 0 1rem;
  }
}

.emotion-0 .swap-container {
  position: relative;
  width: 31rem;
  border-radius: 0.5rem;
  margin-top: 5.25rem;
  background: #FFFFFF;
  box-shadow: 0px 1px 7px rgba(0, 0, 0, 0.1);
  padding: 1.5rem;
}

@media (max-width:575.95px) {
  .emotion-0 .swap-container {
    width: 100%;
    padding-bottom: 4rem;
  }
}

.emotion-0 .swap-container .swap-header {
  display: -webkit-box;
  display: -webkit-flex;
  display: -ms-flexbox;
  display: flex;
  -webkit-box-pack: justify;
  -webkit-justify-content: space-between;
  justify-content: space-between;
}

.emotion-0 .swap-container .swap-description {
  margin-top: 0.5rem;
}

.emotion-0 .swap-container .swap-from-box {
  padding: 1rem;
  border-radius: 0.5rem;
  background: #FAFAFC;
  border: 1px solid #EEF0F8;
  margin-top: 2.5rem;
}

.emotion-0 .swap-container .swap-from-box .swap-from-percent {
  display: -webkit-box;
  display: -webkit-flex;
  display: -ms-flexbox;
  display: flex;
  -webkit-align-items: center;
  -webkit-box-align: center;
  -ms-flex-align: center;
  align-items: center;
}

.emotion-0 .swap-container .swap-from-box .swap-from-percent p {
  cursor: pointer;
  color: #6953F4;
  margin-left: 0.75rem;
}

.emotion-0 .swap-container .swap-from-box .swap-from-top-box {
  display: -webkit-box;
  display: -webkit-flex;
  display: -ms-flexbox;
  display: flex;
  -webkit-box-pack: justify;
  -webkit-justify-content: space-between;
  justify-content: space-between;
  -webkit-align-items: center;
  -webkit-box-align: center;
  -ms-flex-align: center;
  align-items: center;
}

.emotion-0 .swap-container .swap-from-box .swap-from-mid-box {
  display: -webkit-box;
  display: -webkit-flex;
  display: -ms-flexbox;
  display: flex;
  -webkit-box-pack: justify;
  -webkit-justify-content: space-between;
  justify-content: space-between;
  -webkit-align-items: center;
  -webkit-box-align: center;
  -ms-flex-align: center;
  align-items: center;
  margin-top: 1rem;
}

.emotion-0 .swap-container .swap-from-box .swap-from-mid-box .swap-from-select-token {
  display: -webkit-box;
  display: -webkit-flex;
  display: -ms-flexbox;
  display: flex;
  -webkit-align-items: center;
  -webkit-box-align: center;
  -ms-flex-align: center;
  align-items: center;
}

.emotion-0 .swap-container .swap-from-box .swap-from-mid-box .swap-from-select-token h6 {
  margin-left: 0.5rem;
}

.emotion-0 .swap-container .swap-from-box .swap-from-mid-box .swap-from-select-token svg {
  width: 1rem;
  height: 0.5rem;
  margin-left: 0.25rem;
}

.emotion-0 .swap-container .swap-from-box .swap-from-mid-box .MuiInputBase-root {
  border: none;
  padding-right: 0;
}

.emotion-0 .swap-container .swap-from-box .swap-from-mid-box .MuiInputBase-root input {
  font-size: 1.25rem;
  text-align: right;
}

.emotion-0 .swap-container .swap-from-box .swap-from-bottom-box {
  display: -webkit-box;
  display: -webkit-flex;
  display: -ms-flexbox;
  display: flex;
  -webkit-box-pack: justify;
  -webkit-justify-content: space-between;
  justify-content: space-between;
  -webkit-align-items: center;
  -webkit-box-align: center;
  -ms-flex-align: center;
  align-items: center;
  margin-top: 1.5rem;
  color: #6953F4;
}

.emotion-0 .swap-container .swap-icon {
  width: 100%;
  display: -webkit-box;
  display: -webkit-flex;
  display: -ms-flexbox;
  display: flex;
  -webkit-box-pack: center;
  -ms-flex-pack: center;
  -webkit-justify-content: center;
  justify-content: center;
  -webkit-align-items: center;
  -webkit-box-align: center;
  -ms-flex-align: center;
  align-items: center;
  margin-top: 1.5rem;
}

.emotion-0 .swap-container .swap-icon button {
  display: -webkit-box;
  display: -webkit-flex;
  display: -ms-flexbox;
  display: flex;
  -webkit-box-pack: center;
  -ms-flex-pack: center;
  -webkit-justify-content: center;
  justify-content: center;
  -webkit-align-items: center;
  -webkit-box-align: center;
  -ms-flex-align: center;
  align-items: center;
  width: 2.5rem;
  height: 2.5rem;
  border-radius: 100%;
  background: #FAFAFC;
}

.emotion-0 .swap-container .swap-to-box {
  border-radius: 0.5rem;
  background: #FAFAFC;
  border: 1px solid #EEF0F8;
  margin-top: 1.5rem;
  margin-bottom: 1.5rem;
}

.emotion-0 .swap-container .swap-to-box .swap-to-main-box {
  padding: 1rem;
}

.emotion-0 .swap-container .swap-to-box .swap-to-percent {
  display: -webkit-box;
  display: -webkit-flex;
  display: -ms-flexbox;
  display: flex;
  -webkit-align-items: center;
  -webkit-box-align: center;
  -ms-flex-align: center;
  align-items: center;
}

.emotion-0 .swap-container .swap-to-box .swap-to-percent p {
  color: #6953F4;
  margin-left: 0.75rem;
}

.emotion-0 .swap-container .swap-to-box .swap-to-top-box {
  display: -webkit-box;
  display: -webkit-flex;
  display: -ms-flexbox;
  display: flex;
  -webkit-box-pack: justify;
  -webkit-justify-content: space-between;
  justify-content: space-between;
  -webkit-align-items: center;
  -webkit-box-align: center;
  -ms-flex-align: center;
  align-items: center;
}

.emotion-0 .swap-container .swap-to-box .swap-to-mid-box {
  display: -webkit-box;
  display: -webkit-flex;
  display: -ms-flexbox;
  display: flex;
  -webkit-box-pack: justify;
  -webkit-justify-content: space-between;
  justify-content: space-between;
  -webkit-align-items: center;
  -webkit-box-align: center;
  -ms-flex-align: center;
  align-items: center;
  margin-top: 1rem;
}

.emotion-0 .swap-container .swap-to-box .swap-to-mid-box .swap-to-select-token {
  display: -webkit-box;
  display: -webkit-flex;
  display: -ms-flexbox;
  display: flex;
  -webkit-align-items: center;
  -webkit-box-align: center;
  -ms-flex-align: center;
  align-items: center;
  margin-left: 0.25rem;
  cursor: pointer;
}

.emotion-0 .swap-container .swap-to-box .swap-to-mid-box .swap-to-select-token h6 {
  margin-left: 0.5rem;
}

.emotion-0 .swap-container .swap-to-box .swap-to-mid-box .swap-to-select-token svg {
  width: 1rem;
  height: 0.5rem;
  margin-left: 0.25rem;
}

.emotion-0 .swap-container .swap-to-box .swap-to-bottom-box {
  display: -webkit-box;
  display: -webkit-flex;
  display: -ms-flexbox;
  display: flex;
  -webkit-box-pack: justify;
  -webkit-justify-content: space-between;
  justify-content: space-between;
  -webkit-align-items: center;
  -webkit-box-align: center;
  -ms-flex-align: center;
  align-items: center;
  margin-top: 1.5rem;
  color: #6953F4;
}

.emotion-0 .swap-container .swap-to-box .swap-to-price {
  display: -webkit-box;
  display: -webkit-flex;
  display: -ms-flexbox;
  display: flex;
  -webkit-align-items: center;
  -webkit-box-align: center;
  -ms-flex-align: center;
  align-items: center;
  -webkit-box-pack: justify;
  -webkit-justify-content: space-between;
  justify-content: space-between;
  border-top: 1px solid #EEF0F8;
  padding: 0.5rem 1rem 0.5rem 1rem;
}

.emotion-0 .swap-container .swap-to-box .swap-to-price div {
  display: -webkit-box;
  display: -webkit-flex;
  display: -ms-flexbox;
  display: flex;
  -webkit-align-items: center;
  -webkit-box-align: center;
  -ms-flex-align: center;
  align-items: center;
}

.emotion-0 .swap-container .swap-to-box .swap-to-price div svg {
  width: 0.75rem;
  height: 0.75rem;
  -webkit-transform: rotate(90deg);
  -moz-transform: rotate(90deg);
  -ms-transform: rotate(90deg);
  transform: rotate(90deg);
  margin-left: 0.5rem;
}

.emotion-0 .swap-container .swap-summary .swap-summary-property {
  display: -webkit-box;
  display: -webkit-flex;
  display: -ms-flexbox;
  display: flex;
  -webkit-box-pack: justify;
  -webkit-justify-content: space-between;
  justify-content: space-between;
  margin-bottom: 0.75rem;
}

.emotion-0 .swap-container .swap-summary .swap-summary-property p {
  display: -webkit-box;
  display: -webkit-flex;
  display: -ms-flexbox;
  display: flex;
  -webkit-align-items: center;
  -webkit-box-align: center;
  -ms-flex-align: center;
  align-items: center;
}

.emotion-0 .swap-container .swap-summary .swap-summary-property .swap-summary-property-title svg {
  margin-left: 0.25rem;
}

.emotion-0 .swap-container .swap-summary .swap-summary-property.slippage-tolerance>.swap-summary-property-value {
  color: #6953F4;
  cursor: pointer;
}

.emotion-0 .swap-container .swap-summary .swap-summary-property.price-impact .swap-summary-property-value {
  color: #BD5359;
}

.emotion-0 .swap-container .swap-summary .swap-summary-property.network-fee .swap-summary-property-value {
  color: #282828;
}

.emotion-0 .swap-container .swap-summary .swap-summary-property.minimum-received .swap-summary-property-value {
  color: #282828;
}

.emotion-0 .swap-container .swap-summary .swap-summary-property.minimum-received {
  margin-bottom: 2rem;
}

.emotion-3 {
  margin: 0;
  font-size: 1.75rem;
  line-height: 2rem;
  font-weight: 600;
  font-family: "Roboto","Helvetica","Arial",sans-serif;
  letter-spacing: 0em;
}

.emotion-4 {
  display: -webkit-inline-box;
  display: -webkit-inline-flex;
  display: -ms-inline-flexbox;
  display: inline-flex;
  -webkit-align-items: center;
  -webkit-box-align: center;
  -ms-flex-align: center;
  align-items: center;
  -webkit-box-pack: center;
  -ms-flex-pack: center;
  -webkit-justify-content: center;
  justify-content: center;
  position: relative;
  box-sizing: border-box;
  -webkit-tap-highlight-color: transparent;
  background-color: transparent;
  outline: 0;
  border: 0;
  margin: 0;
  border-radius: 0;
  padding: 0;
  cursor: pointer;
  -webkit-user-select: none;
  -moz-user-select: none;
  -ms-user-select: none;
  user-select: none;
  vertical-align: middle;
  -moz-appearance: none;
  -webkit-appearance: none;
  -webkit-text-decoration: none;
  text-decoration: none;
  color: inherit;
  text-align: center;
  -webkit-flex: 0 0 auto;
  -ms-flex: 0 0 auto;
  flex: 0 0 auto;
  font-size: 1.5rem;
  padding: 8px;
  border-radius: 50%;
  overflow: visible;
  color: rgba(0, 0, 0, 0.54);
  -webkit-transition: background-color 150ms cubic-bezier(0.4, 0, 0.2, 1) 0ms;
  transition: background-color 150ms cubic-bezier(0.4, 0, 0.2, 1) 0ms;
}

.emotion-4::-moz-focus-inner {
  border-style: none;
}

.emotion-4.Mui-disabled {
  pointer-events: none;
  cursor: default;
}

@media print {
  .emotion-4 {
    -webkit-print-color-adjust: exact;
    color-adjust: exact;
  }
}

.emotion-4:hover {
  background-color: rgba(0, 0, 0, 0.04);
}

@media (hover: none) {
  .emotion-4:hover {
    background-color: transparent;
  }
}

.emotion-4.Mui-disabled {
  background-color: transparent;
  color: rgba(0, 0, 0, 0.26);
}

.emotion-5 {
  overflow: hidden;
  pointer-events: none;
  position: absolute;
  z-index: 0;
  top: 0;
  right: 0;
  bottom: 0;
  left: 0;
  border-radius: inherit;
}

.emotion-6 {
  margin: 0;
  font-size: 0.875rem;
  line-height: 1.125rem;
  font-weight: 400;
  font-family: "Roboto","Helvetica","Arial",sans-serif;
  letter-spacing: 0.01071em;
}

.emotion-9 {
  margin: 0;
  font-size: 1rem;
  line-height: 1.375rem;
  font-weight: 500;
  font-family: "Roboto","Helvetica","Arial",sans-serif;
  letter-spacing: 0.00938em;
}

.emotion-16 {
  margin: 0;
  font-size: 1.15rem;
  line-height: 1.25rem;
  font-weight: 400;
  font-family: "Roboto","Helvetica","Arial",sans-serif;
  letter-spacing: 0.00714em;
}

.emotion-17 {
  display: -webkit-inline-box;
  display: -webkit-inline-flex;
  display: -ms-inline-flexbox;
  display: inline-flex;
  -webkit-flex-direction: column;
  -ms-flex-direction: column;
  flex-direction: column;
  position: relative;
  min-width: 0;
  padding: 0;
  margin: 0;
  border: 0;
  vertical-align: top;
  position: relative;
}

.emotion-17 .MuiInputLabel-root {
  display: -webkit-box;
  display: -webkit-flex;
  display: -ms-flexbox;
  display: flex;
  position: unset;
  color: #282828!important;
  font-size: 0.875rem;
  line-height: 1.124rem;
  font-weight: 400;
  -webkit-transform: none;
  -moz-transform: none;
  -ms-transform: none;
  transform: none;
  -webkit-transform: none;
  -ms-transform: none;
  margin-bottom: 0.5rem;
}

.emotion-17 .MuiInputLabel-root svg {
  cursor: pointer;
  margin-left: 0.25rem;
}

.emotion-17 .MuiInputLabel-root svg path {
  stroke: #6B7280!important;
}

.emotion-17 .MuiInputBase-root {
  padding: 0.75rem 1rem;
  border-radius: 0.25rem;
  color: #282828;
  border: 0.5px solid #E6E6E6;
  background: unset;
  -webkit-animation-duration: 1s!important;
  animation-duration: 1s!important;
  font-size: 1rem;
  line-height: 1.625rem;
}

.emotion-17 .MuiInputBase-root input {
  padding: 0;
}

.emotion-17 .MuiInputBase-root fieldset {
  border: none;
}

.emotion-17 .MuiInputBase-root:before {
  content: none;
}

.emotion-17 .MuiInputBase-root:after {
  content: none;
}

.emotion-17 .MuiInputBase-root:hover {
  border: 1px solid #A196F6;
}

.emotion-17 .MuiInputBase-root:focus-within {
  border: 1px solid #6953F4;
}

.emotion-17 .MuiFormHelperText-root {
  color: #FF4557;
  margin: 0.5rem 0 0 0;
}

.emotion-17 .input-length-counter {
  position: absolute;
  bottom: -1.5rem;
  width: 100%;
  display: -webkit-box;
  display: -webkit-flex;
  display: -ms-flexbox;
  display: flex;
  -webkit-box-pack: end;
  -ms-flex-pack: end;
  -webkit-justify-content: end;
  justify-content: end;
  color: #6B7280;
  margin-top: 0.25rem;
  margin-bottom: 0.25rem;
}

.emotion-17 input::-webkit-outer-spin-button,
.emotion-17 input::-webkit-inner-spin-button {
  -webkit-appearance: none;
  display: none;
}

.emotion-18 {
  font-size: 1rem;
  line-height: 1.4375em;
  font-weight: 500;
  font-family: "Roboto","Helvetica","Arial",sans-serif;
  letter-spacing: 0.00938em;
  color: rgba(0, 0, 0, 0.87);
  box-sizing: border-box;
  position: relative;
  cursor: text;
  display: -webkit-inline-box;
  display: -webkit-inline-flex;
  display: -ms-inline-flexbox;
  display: inline-flex;
  -webkit-align-items: center;
  -webkit-box-align: center;
  -ms-flex-align: center;
  align-items: center;
}

.emotion-18.Mui-disabled {
  color: rgba(0, 0, 0, 0.38);
  cursor: default;
}

.emotion-19 {
  font: inherit;
  letter-spacing: inherit;
  color: currentColor;
  padding: 4px 0 5px;
  border: 0;
  box-sizing: content-box;
  background: none;
  height: 1.4375em;
  margin: 0;
  -webkit-tap-highlight-color: transparent;
  display: block;
  min-width: 0;
  width: 100%;
  -webkit-animation-name: mui-auto-fill-cancel;
  animation-name: mui-auto-fill-cancel;
  -webkit-animation-duration: 10ms;
  animation-duration: 10ms;
}

.emotion-19::-webkit-input-placeholder {
  color: currentColor;
  opacity: 0.42;
  -webkit-transition: opacity 200ms cubic-bezier(0.4, 0, 0.2, 1) 0ms;
  transition: opacity 200ms cubic-bezier(0.4, 0, 0.2, 1) 0ms;
}

.emotion-19::-moz-placeholder {
  color: currentColor;
  opacity: 0.42;
  -webkit-transition: opacity 200ms cubic-bezier(0.4, 0, 0.2, 1) 0ms;
  transition: opacity 200ms cubic-bezier(0.4, 0, 0.2, 1) 0ms;
}

.emotion-19:-ms-input-placeholder {
  color: currentColor;
  opacity: 0.42;
  -webkit-transition: opacity 200ms cubic-bezier(0.4, 0, 0.2, 1) 0ms;
  transition: opacity 200ms cubic-bezier(0.4, 0, 0.2, 1) 0ms;
}

.emotion-19::-ms-input-placeholder {
  color: currentColor;
  opacity: 0.42;
  -webkit-transition: opacity 200ms cubic-bezier(0.4, 0, 0.2, 1) 0ms;
  transition: opacity 200ms cubic-bezier(0.4, 0, 0.2, 1) 0ms;
}

.emotion-19:focus {
  outline: 0;
}

.emotion-19:invalid {
  box-shadow: none;
}

.emotion-19::-webkit-search-decoration {
  -webkit-appearance: none;
}

label[data-shrink=false]+.MuiInputBase-formControl .emotion-19::-webkit-input-placeholder {
  opacity: 0!important;
}

label[data-shrink=false]+.MuiInputBase-formControl .emotion-19::-moz-placeholder {
  opacity: 0!important;
}

label[data-shrink=false]+.MuiInputBase-formControl .emotion-19:-ms-input-placeholder {
  opacity: 0!important;
}

label[data-shrink=false]+.MuiInputBase-formControl .emotion-19::-ms-input-placeholder {
  opacity: 0!important;
}

label[data-shrink=false]+.MuiInputBase-formControl .emotion-19:focus::-webkit-input-placeholder {
  opacity: 0.42;
}

label[data-shrink=false]+.MuiInputBase-formControl .emotion-19:focus::-moz-placeholder {
  opacity: 0.42;
}

label[data-shrink=false]+.MuiInputBase-formControl .emotion-19:focus:-ms-input-placeholder {
  opacity: 0.42;
}

label[data-shrink=false]+.MuiInputBase-formControl .emotion-19:focus::-ms-input-placeholder {
  opacity: 0.42;
}

.emotion-19.Mui-disabled {
  opacity: 1;
  -webkit-text-fill-color: rgba(0, 0, 0, 0.38);
}

.emotion-19:-webkit-autofill {
  -webkit-animation-duration: 5000s;
  animation-duration: 5000s;
  -webkit-animation-name: mui-auto-fill;
  animation-name: mui-auto-fill;
}

.emotion-19::-webkit-input-placeholder {
  opacity: 1;
  color: #6B7280;
}

.emotion-19::-moz-placeholder {
  opacity: 1;
  color: #6B7280;
}

.emotion-19:-ms-input-placeholder {
  opacity: 1;
  color: #6B7280;
}

.emotion-19::placeholder {
  opacity: 1;
  color: #6B7280;
}

.emotion-33 {
  margin: 0;
  font-size: 1.25rem;
  line-height: 1.5rem;
  font-weight: 400;
  font-family: "Roboto","Helvetica","Arial",sans-serif;
  letter-spacing: 0.00938em;
}

.emotion-37 {
  display: -webkit-inline-box;
  display: -webkit-inline-flex;
  display: -ms-inline-flexbox;
  display: inline-flex;
  -webkit-align-items: center;
  -webkit-box-align: center;
  -ms-flex-align: center;
  align-items: center;
  -webkit-box-pack: center;
  -ms-flex-pack: center;
  -webkit-justify-content: center;
  justify-content: center;
  position: relative;
  box-sizing: border-box;
  -webkit-tap-highlight-color: transparent;
  background-color: transparent;
  outline: 0;
  border: 0;
  margin: 0;
  border-radius: 0;
  padding: 0;
  cursor: pointer;
  -webkit-user-select: none;
  -moz-user-select: none;
  -ms-user-select: none;
  user-select: none;
  vertical-align: middle;
  -moz-appearance: none;
  -webkit-appearance: none;
  -webkit-text-decoration: none;
  text-decoration: none;
  color: inherit;
  font-family: "Roboto","Helvetica","Arial",sans-serif;
  font-weight: 500;
  font-size: 0.875rem;
  line-height: 1.75;
  letter-spacing: 0.02857em;
  text-transform: uppercase;
  min-width: 64px;
  padding: 6px 16px;
  border-radius: 4px;
  -webkit-transition: background-color 250ms cubic-bezier(0.4, 0, 0.2, 1) 0ms,box-shadow 250ms cubic-bezier(0.4, 0, 0.2, 1) 0ms,border-color 250ms cubic-bezier(0.4, 0, 0.2, 1) 0ms,color 250ms cubic-bezier(0.4, 0, 0.2, 1) 0ms;
  transition: background-color 250ms cubic-bezier(0.4, 0, 0.2, 1) 0ms,box-shadow 250ms cubic-bezier(0.4, 0, 0.2, 1) 0ms,border-color 250ms cubic-bezier(0.4, 0, 0.2, 1) 0ms,color 250ms cubic-bezier(0.4, 0, 0.2, 1) 0ms;
  color: #fff;
  background-color: #1976d2;
  box-shadow: 0px 3px 1px -2px rgba(0,0,0,0.2),0px 2px 2px 0px rgba(0,0,0,0.14),0px 1px 5px 0px rgba(0,0,0,0.12);
  width: 100%;
  color: #FF4557;
  padding: 0.75rem;
  text-transform: capitalize;
}

.emotion-37::-moz-focus-inner {
  border-style: none;
}

.emotion-37.Mui-disabled {
  pointer-events: none;
  cursor: default;
}

@media print {
  .emotion-37 {
    -webkit-print-color-adjust: exact;
    color-adjust: exact;
  }
}

.emotion-37:hover {
  -webkit-text-decoration: none;
  text-decoration: none;
  background-color: #1565c0;
  box-shadow: 0px 2px 4px -1px rgba(0,0,0,0.2),0px 4px 5px 0px rgba(0,0,0,0.14),0px 1px 10px 0px rgba(0,0,0,0.12);
}

@media (hover: none) {
  .emotion-37:hover {
    background-color: #1976d2;
  }
}

.emotion-37:active {
  box-shadow: 0px 5px 5px -3px rgba(0,0,0,0.2),0px 8px 10px 1px rgba(0,0,0,0.14),0px 3px 14px 2px rgba(0,0,0,0.12);
}

.emotion-37.Mui-focusVisible {
  box-shadow: 0px 3px 5px -1px rgba(0,0,0,0.2),0px 6px 10px 0px rgba(0,0,0,0.14),0px 1px 18px 0px rgba(0,0,0,0.12);
}

.emotion-37.Mui-disabled {
  color: rgba(0, 0, 0, 0.26);
  box-shadow: none;
  background-color: rgba(0, 0, 0, 0.12);
}

.emotion-37.MuiButton-outlined {
  border-color: #FF4557;
}

.emotion-37.MuiButton-contained {
  background: #6953F4;
  color: #FFFFFF;
}

.emotion-37.Mui-disabled {
  opacity: 0.7;
}

.emotion-38 {
  margin: 0;
  font-size: 1.25rem;
  line-height: 1.5rem;
  font-weight: 600;
  font-family: "Roboto","Helvetica","Arial",sans-serif;
  letter-spacing: 0.00735em;
  font-weight: 500;
}

<div>
  <div
    class="emotion-0"
  >
    <div
      class="swap-container MuiBox-root emotion-1"
    >
      <div
        class="swap-header MuiBox-root emotion-1"
      >
        <h3
          class="MuiTypography-root MuiTypography-h3 emotion-3"
        >
          Swap
        </h3>
        <button
          class="MuiButtonBase-root MuiIconButton-root MuiIconButton-sizeMedium emotion-4"
          data-testid="swap-setting-button"
          tabindex="0"
          type="button"
        >
          <svg
            fill="none"
            height="24"
            viewBox="0 0 24 24"
            width="24"
            xmlns="http://www.w3.org/2000/svg"
          >
            <g
              clip-path="url(#clip0_392_81905)"
            >
              <path
                d="M12 15C13.6569 15 15 13.6569 15 12C15 10.3431 13.6569 9 12 9C10.3431 9 9 10.3431 9 12C9 13.6569 10.3431 15 12 15Z"
                stroke="#6953F4"
                stroke-linecap="round"
                stroke-linejoin="round"
                stroke-width="1.66667"
              />
              <path
                d="M19.4 15C19.2669 15.3016 19.2272 15.6362 19.286 15.9606C19.3448 16.285 19.4995 16.5843 19.73 16.82L19.79 16.88C19.976 17.0657 20.1235 17.2863 20.2241 17.5291C20.3248 17.7719 20.3766 18.0322 20.3766 18.295C20.3766 18.5578 20.3248 18.8181 20.2241 19.0609C20.1235 19.3037 19.976 19.5243 19.79 19.71C19.6043 19.896 19.3837 20.0435 19.1409 20.1441C18.8981 20.2448 18.6378 20.2966 18.375 20.2966C18.1122 20.2966 17.8519 20.2448 17.6091 20.1441C17.3663 20.0435 17.1457 19.896 16.96 19.71L16.9 19.65C16.6643 19.4195 16.365 19.2648 16.0406 19.206C15.7162 19.1472 15.3816 19.1869 15.08 19.32C14.7842 19.4468 14.532 19.6572 14.3543 19.9255C14.1766 20.1938 14.0813 20.5082 14.08 20.83V21C14.08 21.5304 13.8693 22.0391 13.4942 22.4142C13.1191 22.7893 12.6104 23 12.08 23C11.5496 23 11.0409 22.7893 10.6658 22.4142C10.2907 22.0391 10.08 21.5304 10.08 21V20.91C10.0723 20.579 9.96512 20.258 9.77251 19.9887C9.5799 19.7194 9.31073 19.5143 9 19.4C8.69838 19.2669 8.36381 19.2272 8.03941 19.286C7.71502 19.3448 7.41568 19.4995 7.18 19.73L7.12 19.79C6.93425 19.976 6.71368 20.1235 6.47088 20.2241C6.22808 20.3248 5.96783 20.3766 5.705 20.3766C5.44217 20.3766 5.18192 20.3248 4.93912 20.2241C4.69632 20.1235 4.47575 19.976 4.29 19.79C4.10405 19.6043 3.95653 19.3837 3.85588 19.1409C3.75523 18.8981 3.70343 18.6378 3.70343 18.375C3.70343 18.1122 3.75523 17.8519 3.85588 17.6091C3.95653 17.3663 4.10405 17.1457 4.29 16.96L4.35 16.9C4.58054 16.6643 4.73519 16.365 4.794 16.0406C4.85282 15.7162 4.81311 15.3816 4.68 15.08C4.55324 14.7842 4.34276 14.532 4.07447 14.3543C3.80617 14.1766 3.49179 14.0813 3.17 14.08H3C2.46957 14.08 1.96086 13.8693 1.58579 13.4942C1.21071 13.1191 1 12.6104 1 12.08C1 11.5496 1.21071 11.0409 1.58579 10.6658C1.96086 10.2907 2.46957 10.08 3 10.08H3.09C3.42099 10.0723 3.742 9.96512 4.0113 9.77251C4.28059 9.5799 4.48572 9.31073 4.6 9C4.73311 8.69838 4.77282 8.36381 4.714 8.03941C4.65519 7.71502 4.50054 7.41568 4.27 7.18L4.21 7.12C4.02405 6.93425 3.87653 6.71368 3.77588 6.47088C3.67523 6.22808 3.62343 5.96783 3.62343 5.705C3.62343 5.44217 3.67523 5.18192 3.77588 4.93912C3.87653 4.69632 4.02405 4.47575 4.21 4.29C4.39575 4.10405 4.61632 3.95653 4.85912 3.85588C5.10192 3.75523 5.36217 3.70343 5.625 3.70343C5.88783 3.70343 6.14808 3.75523 6.39088 3.85588C6.63368 3.95653 6.85425 4.10405 7.04 4.29L7.1 4.35C7.33568 4.58054 7.63502 4.73519 7.95941 4.794C8.28381 4.85282 8.61838 4.81311 8.92 4.68H9C9.29577 4.55324 9.54802 4.34276 9.72569 4.07447C9.90337 3.80617 9.99872 3.49179 10 3.17V3C10 2.46957 10.2107 1.96086 10.5858 1.58579C10.9609 1.21071 11.4696 1 12 1C12.5304 1 13.0391 1.21071 13.4142 1.58579C13.7893 1.96086 14 2.46957 14 3V3.09C14.0013 3.41179 14.0966 3.72618 14.2743 3.99447C14.452 4.26276 14.7042 4.47324 15 4.6C15.3016 4.73311 15.6362 4.77282 15.9606 4.714C16.285 4.65519 16.5843 4.50054 16.82 4.27L16.88 4.21C17.0657 4.02405 17.2863 3.87653 17.5291 3.77588C17.7719 3.67523 18.0322 3.62343 18.295 3.62343C18.5578 3.62343 18.8181 3.67523 19.0609 3.77588C19.3037 3.87653 19.5243 4.02405 19.71 4.21C19.896 4.39575 20.0435 4.61632 20.1441 4.85912C20.2448 5.10192 20.2966 5.36217 20.2966 5.625C20.2966 5.88783 20.2448 6.14808 20.1441 6.39088C20.0435 6.63368 19.896 6.85425 19.71 7.04L19.65 7.1C19.4195 7.33568 19.2648 7.63502 19.206 7.95941C19.1472 8.28381 19.1869 8.61838 19.32 8.92V9C19.4468 9.29577 19.6572 9.54802 19.9255 9.72569C20.1938 9.90337 20.5082 9.99872 20.83 10H21C21.5304 10 22.0391 10.2107 22.4142 10.5858C22.7893 10.9609 23 11.4696 23 12C23 12.5304 22.7893 13.0391 22.4142 13.4142C22.0391 13.7893 21.5304 14 21 14H20.91C20.5882 14.0013 20.2738 14.0966 20.0055 14.2743C19.7372 14.452 19.5268 14.7042 19.4 15V15Z"
                stroke="#6953F4"
                stroke-linecap="round"
                stroke-linejoin="round"
                stroke-width="1.66667"
              />
            </g>
            <defs>
              <clippath
                id="clip0_392_81905"
              >
                <rect
                  fill="white"
                  height="24"
                  width="24"
                />
              </clippath>
            </defs>
          </svg>
          <span
            class="MuiTouchRipple-root emotion-5"
          />
        </button>
      </div>
      <p
        class="MuiTypography-root MuiTypography-body2 swap-description emotion-6"
      >
        Trade tokens in an instant
      </p>
      <div
        class="swap-from-box MuiBox-root emotion-1"
      >
        <div
          class="swap-from-top-box MuiBox-root emotion-1"
        >
          <p
            class="MuiTypography-root MuiTypography-body1 emotion-9"
          >
            From:
          </p>
          <div
            class="swap-from-percent MuiBox-root emotion-1"
          >
            <p
              class="MuiTypography-root MuiTypography-body2 emotion-6"
              data-testid="swap-from-percent-25"
            >
              25%
            </p>
            <p
              class="MuiTypography-root MuiTypography-body2 emotion-6"
              data-testid="swap-from-percent-50"
            >
              50%
            </p>
            <p
              class="MuiTypography-root MuiTypography-body2 emotion-6"
              data-testid="swap-from-percent-max"
            >
              MAX
            </p>
          </div>
        </div>
        <div
          class="swap-from-mid-box MuiBox-root emotion-1"
        >
          <div
            class="swap-from-select-token MuiBox-root emotion-1"
          >
            <span
              style="box-sizing: border-box; display: inline-block; overflow: hidden; background: none; opacity: 1; border: 0px; margin: 0px; padding: 0px; position: relative; max-width: 100%;"
            >
              <span
                style="box-sizing: border-box; display: block; background: none; opacity: 1; border: 0px; margin: 0px; padding: 0px; max-width: 100%;"
              >
                <img
                  alt=""
                  aria-hidden="true"
                  src="data:image/svg+xml,%3csvg%20xmlns=%27http://www.w3.org/2000/svg%27%20version=%271.1%27%20width=%2728%27%20height=%2728%27/%3e"
                  style="display: block; max-width: 100%; background: none; opacity: 1; border: 0px; margin: 0px; padding: 0px;"
                />
              </span>
              <img
                alt="image"
                data-nimg="intrinsic"
                decoding="async"
                src="data:image/gif;base64,R0lGODlhAQABAIAAAAAAAP///yH5BAEAAAAALAAAAAABAAEAAAIBRAA7"
                style="position: absolute; top: 0px; left: 0px; bottom: 0px; right: 0px; box-sizing: border-box; padding: 0px; margin: auto; display: block; width: 0px; height: 0px; min-width: 100%; max-width: 100%; min-height: 100%; max-height: 100%;"
              />
              <noscript />
            </span>
            <h6
              class="MuiTypography-root MuiTypography-subtitle2 emotion-16"
            >
              LSK
            </h6>
            <svg
              aria-hidden="true"
              class="svg-inline--fa fa-chevron-down "
              data-icon="chevron-down"
              data-prefix="fas"
              focusable="false"
              role="img"
              viewBox="0 0 512 512"
              xmlns="http://www.w3.org/2000/svg"
            >
              <path
                d="M233.4 406.6c12.5 12.5 32.8 12.5 45.3 0l192-192c12.5-12.5 12.5-32.8 0-45.3s-32.8-12.5-45.3 0L256 338.7 86.6 169.4c-12.5-12.5-32.8-12.5-45.3 0s-12.5 32.8 0 45.3l192 192z"
                fill="currentColor"
              />
            </svg>
          </div>
          <div
            class="MuiFormControl-root emotion-17"
          >
            <div
              class="MuiInputBase-root MuiInputBase-colorPrimary MuiInputBase-formControl emotion-18"
            >
              <input
                aria-invalid="false"
                class="MuiInputBase-input emotion-19"
                type="number"
                value="0.00"
              />
            </div>
          </div>
        </div>
        <div
          class="swap-from-bottom-box MuiBox-root emotion-1"
        >
          <p
            class="MuiTypography-root MuiTypography-body2 emotion-6"
          >
            Balance: 
            4521.425
          </p>
          <p
            class="MuiTypography-root MuiTypography-body2 emotion-6"
          >
            $
            0.000000000000000
          </p>
        </div>
      </div>
      <div
        class="swap-icon MuiBox-root emotion-1"
      >
        <button
          class="MuiButtonBase-root MuiIconButton-root MuiIconButton-sizeMedium emotion-4"
          tabindex="0"
          type="button"
        >
          <svg
            fill="none"
            height="24"
            viewBox="0 0 19 24"
            width="19"
            xmlns="http://www.w3.org/2000/svg"
          >
            <path
              d="M10.9717 23.5491C10.9717 22.399 10.9717 22.7646 10.9717 22.1542L10.9717 21.0189L10.9714 1.13073C10.9714 0.723886 11.2258 0.356844 11.6154 0.200943C12.0056 0.0449961 12.4545 0.13152 12.7525 0.419428L18.4443 5.90799C18.6481 6.10452 18.75 6.3618 18.75 6.61935C18.75 6.87688 18.6478 7.13415 18.4443 7.3307C18.0367 7.72376 17.3765 7.72376 16.9687 7.3307L13.0585 3.56013L13.0585 21.56C13.0585 21.8977 13.0585 22.0132 13.0585 22.399L13.0585 22.7369C13.0585 23.4195 12.6694 24.0574 11.9908 23.9839C11.5558 23.9368 11.1356 23.7875 10.9718 23.5494C10.9717 23.5493 10.9717 23.5492 10.9717 23.5491ZM7.77856 0.679645C7.77856 0.842992 7.77856 1.04411 7.77856 1.23503C7.77856 1.56148 7.77856 1.72508 7.77856 1.98644L7.77856 3.105L7.77856 22.9932C7.77856 23.4 7.52419 23.7671 7.13458 23.923C6.74443 24.0789 6.29551 23.9924 5.99751 23.7045L0.30571 18.2159C-0.101904 17.8229 -0.101904 17.1863 0.30571 16.793C0.713324 16.3997 1.37346 16.4 1.78131 16.793L5.69205 20.5641L5.69205 2.56426C5.69205 2.22658 5.69205 2.1498 5.69205 1.75776L5.69205 1.38699C5.69205 0.704593 6.05878 0.0510535 6.73969 0.00607599C7.00281 -0.0113047 7.26192 0.0075212 7.46361 0.0766121C7.70267 0.158509 7.77856 0.426941 7.77856 0.679645Z"
              fill="#6953F4"
            />
          </svg>
          <span
            class="MuiTouchRipple-root emotion-5"
          />
        </button>
      </div>
      <div
        class="swap-to-box MuiBox-root emotion-1"
      >
        <div
          class="swap-to-main-box MuiBox-root emotion-1"
        >
          <div
            class="swap-to-top-box MuiBox-root emotion-1"
          >
            <p
              class="MuiTypography-root MuiTypography-body1 emotion-9"
            >
              To (estimated):
            </p>
          </div>
          <div
            class="swap-to-mid-box MuiBox-root emotion-1"
          >
            <div
              class="swap-to-select-token MuiBox-root emotion-1"
            >
              <h6
                class="MuiTypography-root MuiTypography-subtitle2 emotion-16"
              >
                Select a token
              </h6>
              <svg
                aria-hidden="true"
                class="svg-inline--fa fa-chevron-down "
                data-icon="chevron-down"
                data-prefix="fas"
                focusable="false"
                role="img"
                viewBox="0 0 512 512"
                xmlns="http://www.w3.org/2000/svg"
              >
                <path
                  d="M233.4 406.6c12.5 12.5 32.8 12.5 45.3 0l192-192c12.5-12.5 12.5-32.8 0-45.3s-32.8-12.5-45.3 0L256 338.7 86.6 169.4c-12.5-12.5-32.8-12.5-45.3 0s-12.5 32.8 0 45.3l192 192z"
                  fill="currentColor"
                />
              </svg>
            </div>
            <h6
              class="MuiTypography-root MuiTypography-subtitle1 emotion-33"
            >
              0.00
            </h6>
          </div>
          <div
            class="swap-to-bottom-box MuiBox-root emotion-1"
          >
            <p
              class="MuiTypography-root MuiTypography-body2 emotion-6"
            >
              Balance: -
            </p>
            <p
              class="MuiTypography-root MuiTypography-body2 emotion-6"
            >
              $0
            </p>
          </div>
        </div>
      </div>
      <button
        class="MuiButtonBase-root MuiButton-root MuiButton-contained MuiButton-containedPrimary MuiButton-sizeMedium MuiButton-containedSizeMedium Mui-disabled MuiButton-root MuiButton-contained MuiButton-containedPrimary MuiButton-sizeMedium MuiButton-containedSizeMedium emotion-37"
        data-testid="swap-button"
        disabled=""
        tabindex="-1"
        type="button"
      >
        <h4
          class="MuiTypography-root MuiTypography-h4 emotion-38"
        >
          Select tokens
        </h4>
      </button>
    </div>
  </div>
</div>
`;
