// Jest Snapshot v1, https://goo.gl/fbAQLP

exports[`TransactionsTable component checks if the component matches the snapshot 1`] = `
.emotion-0 .transactions-filter-box {
  display: -webkit-box;
  display: -webkit-flex;
  display: -ms-flexbox;
  display: flex;
  -webkit-box-pack: justify;
  -webkit-justify-content: space-between;
  justify-content: space-between;
  -webkit-align-items: center;
  -webkit-box-align: center;
  -ms-flex-align: center;
  align-items: center;
}

.emotion-0 .transactions-filter-box .transactions-search-input {
  margin-top: 1rem;
  width: 20.25rem;
}

.emotion-0 .transactions-filter-box .transactions-filter-dropdown {
  min-height: 2rem;
  width: 11.25rem;
}

.emotion-0 .transactions-filter-box .transactions-filter-dropdown .MuiSelect-select {
  padding-top: 0.25rem!important;
  padding-bottom: 0.25rem!important;
  display: -webkit-box;
  display: -webkit-flex;
  display: -ms-flexbox;
  display: flex;
  -webkit-align-items: center;
  -webkit-box-align: center;
  -ms-flex-align: center;
  align-items: center;
}

.emotion-0 .transactions-table thead p {
  color: #6B7280;
}

.emotion-0 .transactions-table tbody tr td {
  border: none;
}

.emotion-0 .transactions-table tbody .name-td {
  display: -webkit-box;
  display: -webkit-flex;
  display: -ms-flexbox;
  display: flex;
  -webkit-align-items: center;
  -webkit-box-align: center;
  -ms-flex-align: center;
  align-items: center;
}

.emotion-0 .transactions-table tbody .name-td .token1-image {
  margin-left: 1.5rem;
}

.emotion-0 .transactions-table tbody .name-td .token2-image {
  margin-left: -0.5rem;
  margin-right: 0.625rem;
}

.emotion-0 .transactions-table tbody .action-td {
  display: -webkit-box;
  display: -webkit-flex;
  display: -ms-flexbox;
  display: flex;
  -webkit-align-items: center;
  -webkit-box-align: center;
  -ms-flex-align: center;
  align-items: center;
  -webkit-box-pack: end;
  -ms-flex-pack: end;
  -webkit-justify-content: end;
  justify-content: end;
  color: #6953F4;
}

.emotion-0 .transactions-table tbody .action-td svg {
  margin-left: 0.25rem;
  width: 1rem;
  height: 1rem;
}

.emotion-0 .transactions-table tbody .details-td {
  display: -webkit-box;
  display: -webkit-flex;
  display: -ms-flexbox;
  display: flex;
  -webkit-align-items: center;
  -webkit-box-align: center;
  -ms-flex-align: center;
  align-items: center;
  -webkit-box-pack: end;
  -ms-flex-pack: end;
  -webkit-justify-content: end;
  justify-content: end;
}

.emotion-0 .transactions-table tbody .details-td .arrow-icon {
  margin-left: 1.5rem;
  margin-right: 1.5rem;
  color: #6953F4;
}

.emotion-0 .transactions-table tbody .details-td p {
  margin-left: 0.25rem;
}

.emotion-0 .transactions-pager {
  display: -webkit-box;
  display: -webkit-flex;
  display: -ms-flexbox;
  display: flex;
  -webkit-align-items: center;
  -webkit-box-align: center;
  -ms-flex-align: center;
  align-items: center;
  -webkit-box-pack: end;
  -ms-flex-pack: end;
  -webkit-justify-content: end;
  justify-content: end;
}

.emotion-0 .transactions-pager .MuiIconButton-root {
  margin-left: 1.5rem;
  margin-right: 1.5rem;
  color: #6953F4;
}

.emotion-0 .transactions-pager .MuiIconButton-root svg {
  width: 1.25rem;
  height: 1.25rem;
}

.emotion-0 .transactions-pager .MuiIconButton-root.Mui-disabled {
  color: #D9D8F8;
}

.emotion-0 .transactions-pager .row-count-dropdown {
  width: 10rem;
  height: 2rem;
}

.emotion-0 .transactions-pager .row-count-dropdown svg {
  margin-right: 0.5rem;
}

.emotion-0 .transactions-pager .row-count-dropdown .MuiSelect-select {
  padding-top: 0.25rem!important;
  padding-bottom: 0.25rem!important;
  padding-right: 1.75rem!important;
  display: -webkit-box;
  display: -webkit-flex;
  display: -ms-flexbox;
  display: flex;
  -webkit-align-items: center;
  -webkit-box-align: center;
  -ms-flex-align: center;
  align-items: center;
}

.emotion-0 .transactions-pager .row-count-dropdown .show-rows-dropdown {
  width: 100%;
  display: -webkit-box;
  display: -webkit-flex;
  display: -ms-flexbox;
  display: flex;
  -webkit-box-pack: justify;
  -webkit-justify-content: space-between;
  justify-content: space-between;
}

.emotion-2 {
  display: -webkit-inline-box;
  display: -webkit-inline-flex;
  display: -ms-inline-flexbox;
  display: inline-flex;
  -webkit-flex-direction: column;
  -ms-flex-direction: column;
  flex-direction: column;
  position: relative;
  min-width: 0;
  padding: 0;
  margin: 0;
  border: 0;
  vertical-align: top;
  position: relative;
  width: 100%;
}

.emotion-2 .MuiInputLabel-root {
  display: -webkit-box;
  display: -webkit-flex;
  display: -ms-flexbox;
  display: flex;
  position: unset;
  color: #282828!important;
  font-size: 0.875rem;
  line-height: 1.124rem;
  font-weight: 400;
  -webkit-transform: none;
  -moz-transform: none;
  -ms-transform: none;
  transform: none;
  -webkit-transform: none;
  -ms-transform: none;
}

.emotion-2 .MuiInputLabel-root svg {
  cursor: pointer;
  margin-left: 0.25rem;
}

.emotion-2 .MuiInputLabel-root svg path {
  stroke: #6B7280!important;
}

.emotion-2 .search-icon {
  position: absolute;
  top: 1rem;
  left: 1rem;
  z-index: 1;
}

.emotion-2 .MuiInputBase-root {
  padding: 1rem 1rem 1rem 2.75rem;
  border-radius: 0.25rem;
  background: #F2F5F9;
  color: #282828;
  -webkit-animation-duration: 1s!important;
  animation-duration: 1s!important;
  font-size: 1rem;
  line-height: 1.25rem;
}

.emotion-2 .MuiInputBase-root input {
  padding: 0;
}

.emotion-2 .MuiInputBase-root fieldset {
  border: none;
}

.emotion-2 .MuiInputBase-root:before {
  content: none;
}

.emotion-2 .MuiInputBase-root:after {
  content: none;
}

.emotion-2 .MuiFormHelperText-root {
  color: #FF4557;
  margin: 0.5rem 0 0 0;
}

.emotion-2 .input-length-counter {
  position: absolute;
  bottom: -1.5rem;
  width: 100%;
  display: -webkit-box;
  display: -webkit-flex;
  display: -ms-flexbox;
  display: flex;
  -webkit-box-pack: end;
  -ms-flex-pack: end;
  -webkit-justify-content: end;
  justify-content: end;
  color: #6B7280;
  margin-top: 0.25rem;
  margin-bottom: 0.25rem;
}

.emotion-3 {
  color: rgba(0, 0, 0, 0.6);
  font-size: 1rem;
  line-height: 1.4375em;
  font-weight: 500;
  font-family: "Roboto","Helvetica","Arial",sans-serif;
  letter-spacing: 0.00938em;
  padding: 0;
  position: relative;
  display: block;
  transform-origin: top left;
  white-space: nowrap;
  overflow: hidden;
  text-overflow: ellipsis;
  max-width: calc(133% - 32px);
  position: absolute;
  left: 0;
  top: 0;
  -webkit-transform: translate(14px, -9px) scale(0.75);
  -moz-transform: translate(14px, -9px) scale(0.75);
  -ms-transform: translate(14px, -9px) scale(0.75);
  transform: translate(14px, -9px) scale(0.75);
  -webkit-transition: color 200ms cubic-bezier(0.0, 0, 0.2, 1) 0ms,-webkit-transform 200ms cubic-bezier(0.0, 0, 0.2, 1) 0ms,max-width 200ms cubic-bezier(0.0, 0, 0.2, 1) 0ms;
  transition: color 200ms cubic-bezier(0.0, 0, 0.2, 1) 0ms,transform 200ms cubic-bezier(0.0, 0, 0.2, 1) 0ms,max-width 200ms cubic-bezier(0.0, 0, 0.2, 1) 0ms;
  z-index: 1;
  pointer-events: auto;
  -webkit-user-select: none;
  -moz-user-select: none;
  -ms-user-select: none;
  user-select: none;
}

.emotion-3.Mui-focused {
  color: #1976d2;
}

.emotion-3.Mui-disabled {
  color: rgba(0, 0, 0, 0.38);
}

.emotion-3.Mui-error {
  color: #d32f2f;
}

.emotion-4 {
  font-size: 1rem;
  line-height: 1.4375em;
  font-weight: 500;
  font-family: "Roboto","Helvetica","Arial",sans-serif;
  letter-spacing: 0.00938em;
  color: rgba(0, 0, 0, 0.87);
  box-sizing: border-box;
  position: relative;
  cursor: text;
  display: -webkit-inline-box;
  display: -webkit-inline-flex;
  display: -ms-inline-flexbox;
  display: inline-flex;
  -webkit-align-items: center;
  -webkit-box-align: center;
  -ms-flex-align: center;
  align-items: center;
}

.emotion-4.Mui-disabled {
  color: rgba(0, 0, 0, 0.38);
  cursor: default;
}

.emotion-5 {
  font: inherit;
  letter-spacing: inherit;
  color: currentColor;
  padding: 4px 0 5px;
  border: 0;
  box-sizing: content-box;
  background: none;
  height: 1.4375em;
  margin: 0;
  -webkit-tap-highlight-color: transparent;
  display: block;
  min-width: 0;
  width: 100%;
  -webkit-animation-name: mui-auto-fill-cancel;
  animation-name: mui-auto-fill-cancel;
  -webkit-animation-duration: 10ms;
  animation-duration: 10ms;
}

.emotion-5::-webkit-input-placeholder {
  color: currentColor;
  opacity: 0.42;
  -webkit-transition: opacity 200ms cubic-bezier(0.4, 0, 0.2, 1) 0ms;
  transition: opacity 200ms cubic-bezier(0.4, 0, 0.2, 1) 0ms;
}

.emotion-5::-moz-placeholder {
  color: currentColor;
  opacity: 0.42;
  -webkit-transition: opacity 200ms cubic-bezier(0.4, 0, 0.2, 1) 0ms;
  transition: opacity 200ms cubic-bezier(0.4, 0, 0.2, 1) 0ms;
}

.emotion-5:-ms-input-placeholder {
  color: currentColor;
  opacity: 0.42;
  -webkit-transition: opacity 200ms cubic-bezier(0.4, 0, 0.2, 1) 0ms;
  transition: opacity 200ms cubic-bezier(0.4, 0, 0.2, 1) 0ms;
}

.emotion-5::-ms-input-placeholder {
  color: currentColor;
  opacity: 0.42;
  -webkit-transition: opacity 200ms cubic-bezier(0.4, 0, 0.2, 1) 0ms;
  transition: opacity 200ms cubic-bezier(0.4, 0, 0.2, 1) 0ms;
}

.emotion-5:focus {
  outline: 0;
}

.emotion-5:invalid {
  box-shadow: none;
}

.emotion-5::-webkit-search-decoration {
  -webkit-appearance: none;
}

label[data-shrink=false]+.MuiInputBase-formControl .emotion-5::-webkit-input-placeholder {
  opacity: 0!important;
}

label[data-shrink=false]+.MuiInputBase-formControl .emotion-5::-moz-placeholder {
  opacity: 0!important;
}

label[data-shrink=false]+.MuiInputBase-formControl .emotion-5:-ms-input-placeholder {
  opacity: 0!important;
}

label[data-shrink=false]+.MuiInputBase-formControl .emotion-5::-ms-input-placeholder {
  opacity: 0!important;
}

label[data-shrink=false]+.MuiInputBase-formControl .emotion-5:focus::-webkit-input-placeholder {
  opacity: 0.42;
}

label[data-shrink=false]+.MuiInputBase-formControl .emotion-5:focus::-moz-placeholder {
  opacity: 0.42;
}

label[data-shrink=false]+.MuiInputBase-formControl .emotion-5:focus:-ms-input-placeholder {
  opacity: 0.42;
}

label[data-shrink=false]+.MuiInputBase-formControl .emotion-5:focus::-ms-input-placeholder {
  opacity: 0.42;
}

.emotion-5.Mui-disabled {
  opacity: 1;
  -webkit-text-fill-color: rgba(0, 0, 0, 0.38);
}

.emotion-5:-webkit-autofill {
  -webkit-animation-duration: 5000s;
  animation-duration: 5000s;
  -webkit-animation-name: mui-auto-fill;
  animation-name: mui-auto-fill;
}

.emotion-5::-webkit-input-placeholder {
  opacity: 1;
  color: #6B7280;
}

.emotion-5::-moz-placeholder {
  opacity: 1;
  color: #6B7280;
}

.emotion-5:-ms-input-placeholder {
  opacity: 1;
  color: #6B7280;
}

.emotion-5::placeholder {
  opacity: 1;
  color: #6B7280;
}

.emotion-5::-webkit-outer-spin-button. .emotion-5::-webkit-inner-spin-button {
  -webkit-appearance: none;
  display: none;
}

.emotion-6 {
  display: -webkit-inline-box;
  display: -webkit-inline-flex;
  display: -ms-inline-flexbox;
  display: inline-flex;
  -webkit-flex-direction: column;
  -ms-flex-direction: column;
  flex-direction: column;
  position: relative;
  min-width: 0;
  padding: 0;
  margin: 0;
  border: 0;
  vertical-align: top;
}

.emotion-6 .MuiFormLabel-root {
  position: unset;
  display: -webkit-box;
  display: -webkit-flex;
  display: -ms-flexbox;
  display: flex;
  color: #282828!important;
  font-size: 0.875rem;
  line-height: 1.124rem;
  font-weight: 400;
  -webkit-transform: none;
  -moz-transform: none;
  -ms-transform: none;
  transform: none;
  -webkit-transform: none;
  -ms-transform: none;
  margin-bottom: 0.5rem;
}

.emotion-6 .MuiFormLabel-root svg {
  cursor: pointer;
  margin-left: 0.25rem;
}

.emotion-6 .MuiFormLabel-root svg path {
  stroke: #6B7280!important;
}

.emotion-6 .MuiOutlinedInput-root {
  border-radius: 0.25rem;
  color: #282828;
  border: 0.5px solid #E6E6E6;
  background: unset;
  -webkit-animation-duration: 1s!important;
  animation-duration: 1s!important;
  font-size: 1rem;
  line-height: 2rem;
}

.emotion-6 .MuiOutlinedInput-root .MuiSelect-select {
  padding: 0.75rem 4rem 0.75rem 1rem!important;
}

.emotion-6 .MuiOutlinedInput-root fieldset {
  border: none;
}

.emotion-6 .MuiOutlinedInput-root:hover {
  border: 1px solid #A196F6;
}

.emotion-6 .MuiOutlinedInput-root:focus-within {
  border: 1px solid #6953F4;
}

.emotion-6 .dropdown-arrow {
  display: inline-block;
  width: 0.5rem;
  margin-right: 1rem;
  -webkit-user-select: none;
  -moz-user-select: none;
  -ms-user-select: none;
  user-select: none;
  -webkit-flex-shrink: 0;
  -ms-flex-negative: 0;
  flex-shrink: 0;
  -webkit-transition: fill 200ms cubic-bezier(0.4, 0, 0.2, 1) 0ms;
  transition: fill 200ms cubic-bezier(0.4, 0, 0.2, 1) 0ms;
  position: absolute;
  right: 0.5rem;
  top: calc(50% - 0.5em);
  pointer-events: none;
}

.emotion-7 {
  font-size: 1rem;
  line-height: 1.4375em;
  font-weight: 500;
  font-family: "Roboto","Helvetica","Arial",sans-serif;
  letter-spacing: 0.00938em;
  color: rgba(0, 0, 0, 0.87);
  box-sizing: border-box;
  position: relative;
  cursor: text;
  display: -webkit-inline-box;
  display: -webkit-inline-flex;
  display: -ms-inline-flexbox;
  display: inline-flex;
  -webkit-align-items: center;
  -webkit-box-align: center;
  -ms-flex-align: center;
  align-items: center;
  position: relative;
  border-radius: 4px;
}

.emotion-7.Mui-disabled {
  color: rgba(0, 0, 0, 0.38);
  cursor: default;
}

.emotion-7:hover .MuiOutlinedInput-notchedOutline {
  border-color: rgba(0, 0, 0, 0.87);
}

@media (hover: none) {
  .emotion-7:hover .MuiOutlinedInput-notchedOutline {
    border-color: rgba(0, 0, 0, 0.23);
  }
}

.emotion-7.Mui-focused .MuiOutlinedInput-notchedOutline {
  border-color: #1976d2;
  border-width: 2px;
}

.emotion-7.Mui-error .MuiOutlinedInput-notchedOutline {
  border-color: #d32f2f;
}

.emotion-7.Mui-disabled .MuiOutlinedInput-notchedOutline {
  border-color: rgba(0, 0, 0, 0.26);
}

.emotion-8 {
  -moz-appearance: none;
  -webkit-appearance: none;
  -webkit-user-select: none;
  -moz-user-select: none;
  -ms-user-select: none;
  user-select: none;
  border-radius: 4px;
  cursor: pointer;
  font: inherit;
  letter-spacing: inherit;
  color: currentColor;
  padding: 4px 0 5px;
  border: 0;
  box-sizing: content-box;
  background: none;
  height: 1.4375em;
  margin: 0;
  -webkit-tap-highlight-color: transparent;
  display: block;
  min-width: 0;
  width: 100%;
  -webkit-animation-name: mui-auto-fill-cancel;
  animation-name: mui-auto-fill-cancel;
  -webkit-animation-duration: 10ms;
  animation-duration: 10ms;
  padding: 16.5px 14px;
}

.emotion-8:focus {
  border-radius: 4px;
}

.emotion-8::-ms-expand {
  display: none;
}

.emotion-8.Mui-disabled {
  cursor: default;
}

.emotion-8[multiple] {
  height: auto;
}

.emotion-8:not([multiple]) option,
.emotion-8:not([multiple]) optgroup {
  background-color: #fff;
}

.emotion-8.emotion-8.emotion-8 {
  padding-right: 32px;
}

.emotion-8.MuiSelect-select {
  height: auto;
  min-height: 1.4375em;
  text-overflow: ellipsis;
  white-space: nowrap;
  overflow: hidden;
}

.emotion-8::-webkit-input-placeholder {
  color: currentColor;
  opacity: 0.42;
  -webkit-transition: opacity 200ms cubic-bezier(0.4, 0, 0.2, 1) 0ms;
  transition: opacity 200ms cubic-bezier(0.4, 0, 0.2, 1) 0ms;
}

.emotion-8::-moz-placeholder {
  color: currentColor;
  opacity: 0.42;
  -webkit-transition: opacity 200ms cubic-bezier(0.4, 0, 0.2, 1) 0ms;
  transition: opacity 200ms cubic-bezier(0.4, 0, 0.2, 1) 0ms;
}

.emotion-8:-ms-input-placeholder {
  color: currentColor;
  opacity: 0.42;
  -webkit-transition: opacity 200ms cubic-bezier(0.4, 0, 0.2, 1) 0ms;
  transition: opacity 200ms cubic-bezier(0.4, 0, 0.2, 1) 0ms;
}

.emotion-8::-ms-input-placeholder {
  color: currentColor;
  opacity: 0.42;
  -webkit-transition: opacity 200ms cubic-bezier(0.4, 0, 0.2, 1) 0ms;
  transition: opacity 200ms cubic-bezier(0.4, 0, 0.2, 1) 0ms;
}

.emotion-8:focus {
  outline: 0;
}

.emotion-8:invalid {
  box-shadow: none;
}

.emotion-8::-webkit-search-decoration {
  -webkit-appearance: none;
}

label[data-shrink=false]+.MuiInputBase-formControl .emotion-8::-webkit-input-placeholder {
  opacity: 0!important;
}

label[data-shrink=false]+.MuiInputBase-formControl .emotion-8::-moz-placeholder {
  opacity: 0!important;
}

label[data-shrink=false]+.MuiInputBase-formControl .emotion-8:-ms-input-placeholder {
  opacity: 0!important;
}

label[data-shrink=false]+.MuiInputBase-formControl .emotion-8::-ms-input-placeholder {
  opacity: 0!important;
}

label[data-shrink=false]+.MuiInputBase-formControl .emotion-8:focus::-webkit-input-placeholder {
  opacity: 0.42;
}

label[data-shrink=false]+.MuiInputBase-formControl .emotion-8:focus::-moz-placeholder {
  opacity: 0.42;
}

label[data-shrink=false]+.MuiInputBase-formControl .emotion-8:focus:-ms-input-placeholder {
  opacity: 0.42;
}

label[data-shrink=false]+.MuiInputBase-formControl .emotion-8:focus::-ms-input-placeholder {
  opacity: 0.42;
}

.emotion-8.Mui-disabled {
  opacity: 1;
  -webkit-text-fill-color: rgba(0, 0, 0, 0.38);
}

.emotion-8:-webkit-autofill {
  -webkit-animation-duration: 5000s;
  animation-duration: 5000s;
  -webkit-animation-name: mui-auto-fill;
  animation-name: mui-auto-fill;
}

.emotion-8:-webkit-autofill {
  border-radius: inherit;
}

.emotion-9 {
  margin: 0;
  font-size: 0.875rem;
  line-height: 1.125rem;
  font-weight: 400;
  font-family: "Roboto","Helvetica","Arial",sans-serif;
  letter-spacing: 0.01071em;
}

.emotion-10 {
  bottom: 0;
  left: 0;
  position: absolute;
  opacity: 0;
  pointer-events: none;
  width: 100%;
  box-sizing: border-box;
}

.emotion-11 {
  text-align: left;
  position: absolute;
  bottom: 0;
  right: 0;
  top: -5px;
  left: 0;
  margin: 0;
  padding: 0 8px;
  pointer-events: none;
  border-radius: inherit;
  border-style: solid;
  border-width: 1px;
  overflow: hidden;
  min-width: 0%;
  border-color: rgba(0, 0, 0, 0.23);
}

.emotion-12 {
  float: unset;
  width: auto;
  overflow: hidden;
  padding: 0;
  line-height: 11px;
  -webkit-transition: width 150ms cubic-bezier(0.0, 0, 0.2, 1) 0ms;
  transition: width 150ms cubic-bezier(0.0, 0, 0.2, 1) 0ms;
}

.emotion-13 {
  width: 100%;
  overflow-x: auto;
}

.emotion-14 {
  display: table;
  width: 100%;
  border-collapse: collapse;
  border-spacing: 0;
}

.emotion-14 caption {
  font-size: 0.875rem;
  line-height: 1.125rem;
  font-weight: 400;
  font-family: "Roboto","Helvetica","Arial",sans-serif;
  letter-spacing: 0.01071em;
  padding: 16px;
  color: rgba(0, 0, 0, 0.6);
  text-align: left;
  caption-side: bottom;
}

.emotion-15 {
  display: table-header-group;
}

.emotion-16 {
  color: inherit;
  display: table-row;
  vertical-align: middle;
  outline: 0;
}

.emotion-16.MuiTableRow-hover:hover {
  background-color: rgba(0, 0, 0, 0.04);
}

.emotion-16.Mui-selected {
  background-color: rgba(25, 118, 210, 0.08);
}

.emotion-16.Mui-selected:hover {
  background-color: rgba(25, 118, 210, 0.12);
}

.emotion-17 {
  font-size: 0.875rem;
  line-height: 1.5rem;
  font-weight: 500;
  font-family: "Roboto","Helvetica","Arial",sans-serif;
  letter-spacing: 0.01071em;
  display: table-cell;
  vertical-align: inherit;
  border-bottom: 1px solid rgba(224, 224, 224, 1);
  text-align: left;
  padding: 16px;
  color: rgba(0, 0, 0, 0.87);
}

.emotion-19 {
  font-size: 0.875rem;
  line-height: 1.5rem;
  font-weight: 500;
  font-family: "Roboto","Helvetica","Arial",sans-serif;
  letter-spacing: 0.01071em;
  display: table-cell;
  vertical-align: inherit;
  border-bottom: 1px solid rgba(224, 224, 224, 1);
  text-align: right;
  padding: 16px;
  color: rgba(0, 0, 0, 0.87);
  -webkit-flex-direction: row-reverse;
  -ms-flex-direction: row-reverse;
  flex-direction: row-reverse;
}

.emotion-27 {
  display: table-row-group;
}

.emotion-28 {
  color: inherit;
  display: table-row;
  vertical-align: middle;
  outline: 0;
}

.emotion-28.MuiTableRow-hover:hover {
  background-color: rgba(0, 0, 0, 0.04);
}

.emotion-28.Mui-selected {
  background-color: rgba(25, 118, 210, 0.08);
}

.emotion-28.Mui-selected:hover {
  background-color: rgba(25, 118, 210, 0.12);
}

.emotion-28:last-child td,
.emotion-28:last-child th {
  border: 0px solid;
}

.emotion-29 {
  font-size: 0.875rem;
  line-height: 1.125rem;
  font-weight: 400;
  font-family: "Roboto","Helvetica","Arial",sans-serif;
  letter-spacing: 0.01071em;
  display: table-cell;
  vertical-align: inherit;
  border-bottom: 1px solid rgba(224, 224, 224, 1);
  text-align: left;
  padding: 16px;
  color: rgba(0, 0, 0, 0.87);
}

.emotion-31 {
  margin: 0;
  font-size: 1rem;
  line-height: 1.375rem;
  font-weight: 500;
  font-family: "Roboto","Helvetica","Arial",sans-serif;
  letter-spacing: 0.00938em;
}

.emotion-33 {
  font-size: 0.875rem;
  line-height: 1.125rem;
  font-weight: 400;
  font-family: "Roboto","Helvetica","Arial",sans-serif;
  letter-spacing: 0.01071em;
  display: table-cell;
  vertical-align: inherit;
  border-bottom: 1px solid rgba(224, 224, 224, 1);
  text-align: right;
  padding: 16px;
  color: rgba(0, 0, 0, 0.87);
  -webkit-flex-direction: row-reverse;
  -ms-flex-direction: row-reverse;
  flex-direction: row-reverse;
}

.emotion-48 {
  margin: 0;
  font-size: 0.875rem;
  line-height: 1rem;
  font-weight: 500;
  font-family: "Roboto","Helvetica","Arial",sans-serif;
  letter-spacing: 0.0075em;
}

.emotion-53 {
  display: -webkit-inline-box;
  display: -webkit-inline-flex;
  display: -ms-inline-flexbox;
  display: inline-flex;
  -webkit-align-items: center;
  -webkit-box-align: center;
  -ms-flex-align: center;
  align-items: center;
  -webkit-box-pack: center;
  -ms-flex-pack: center;
  -webkit-justify-content: center;
  justify-content: center;
  position: relative;
  box-sizing: border-box;
  -webkit-tap-highlight-color: transparent;
  background-color: transparent;
  outline: 0;
  border: 0;
  margin: 0;
  border-radius: 0;
  padding: 0;
  cursor: pointer;
  -webkit-user-select: none;
  -moz-user-select: none;
  -ms-user-select: none;
  user-select: none;
  vertical-align: middle;
  -moz-appearance: none;
  -webkit-appearance: none;
  -webkit-text-decoration: none;
  text-decoration: none;
  color: inherit;
  text-align: center;
  -webkit-flex: 0 0 auto;
  -ms-flex: 0 0 auto;
  flex: 0 0 auto;
  font-size: 1.5rem;
  padding: 8px;
  border-radius: 50%;
  overflow: visible;
  color: rgba(0, 0, 0, 0.54);
  -webkit-transition: background-color 150ms cubic-bezier(0.4, 0, 0.2, 1) 0ms;
  transition: background-color 150ms cubic-bezier(0.4, 0, 0.2, 1) 0ms;
}

.emotion-53::-moz-focus-inner {
  border-style: none;
}

.emotion-53.Mui-disabled {
  pointer-events: none;
  cursor: default;
}

@media print {
  .emotion-53 {
    -webkit-print-color-adjust: exact;
    color-adjust: exact;
  }
}

.emotion-53:hover {
  background-color: rgba(0, 0, 0, 0.04);
}

@media (hover: none) {
  .emotion-53:hover {
    background-color: transparent;
  }
}

.emotion-53.Mui-disabled {
  background-color: transparent;
  color: rgba(0, 0, 0, 0.26);
}

<div>
  <div
    class="emotion-0"
  >
    <div
      class="transactions-filter-box MuiBox-root emotion-1"
    >
      <div
        class="MuiFormControl-root transactions-search-input emotion-2"
      >
        <label
          class="MuiFormLabel-root MuiInputLabel-root MuiInputLabel-formControl MuiInputLabel-animated MuiInputLabel-shrink MuiInputLabel-outlined MuiFormLabel-colorPrimary MuiInputLabel-root MuiInputLabel-formControl MuiInputLabel-animated MuiInputLabel-shrink MuiInputLabel-outlined emotion-3"
          data-shrink="true"
        />
        <svg
          class="search-icon"
          fill="none"
          height="20"
          viewBox="0 0 20 20"
          width="20"
          xmlns="http://www.w3.org/2000/svg"
        >
          <g
            clip-path="url(#clip0_1371_5467)"
          >
            <path
              d="M9.16667 15.8333C12.8486 15.8333 15.8333 12.8486 15.8333 9.16667C15.8333 5.48477 12.8486 2.5 9.16667 2.5C5.48477 2.5 2.5 5.48477 2.5 9.16667C2.5 12.8486 5.48477 15.8333 9.16667 15.8333Z"
              stroke="#9A9A9A"
              stroke-linecap="round"
              stroke-linejoin="round"
              stroke-width="1.66667"
            />
            <path
              d="M17.5 17.5L13.875 13.875"
              stroke="#9A9A9A"
              stroke-linecap="round"
              stroke-linejoin="round"
              stroke-width="1.66667"
            />
          </g>
          <defs>
            <clippath
              id="clip0_1371_5467"
            >
              <rect
                fill="white"
                height="20"
                width="20"
              />
            </clippath>
          </defs>
        </svg>
        <div
          class="MuiInputBase-root MuiInputBase-colorPrimary MuiInputBase-formControl emotion-4"
        >
          <input
            aria-invalid="false"
            class="MuiInputBase-input emotion-5"
            placeholder="Search transactions by token..."
            type="text"
            value=""
          />
        </div>
      </div>
      <div
        class="MuiFormControl-root transactions-filter-dropdown emotion-6"
      >
        <div
          class="MuiInputBase-root MuiOutlinedInput-root MuiInputBase-colorPrimary MuiInputBase-formControl  emotion-7"
          data-testid="dropdown-select"
        >
          <div
            aria-expanded="false"
            aria-haspopup="listbox"
            class="MuiSelect-select MuiSelect-outlined MuiInputBase-input MuiOutlinedInput-input emotion-8"
            role="button"
            tabindex="0"
          >
            <p
              class="MuiTypography-root MuiTypography-body2 emotion-9"
            >
              All transactions
            </p>
          </div>
          <input
            aria-hidden="true"
            aria-invalid="false"
            class="MuiSelect-nativeInput emotion-10"
            tabindex="-1"
            value=""
          />
          <svg
            aria-hidden="true"
            class="svg-inline--fa fa-chevron-down dropdown-arrow"
            data-icon="chevron-down"
            data-prefix="fas"
            focusable="false"
            role="img"
            viewBox="0 0 512 512"
            xmlns="http://www.w3.org/2000/svg"
          >
            <path
              d="M233.4 406.6c12.5 12.5 32.8 12.5 45.3 0l192-192c12.5-12.5 12.5-32.8 0-45.3s-32.8-12.5-45.3 0L256 338.7 86.6 169.4c-12.5-12.5-32.8-12.5-45.3 0s-12.5 32.8 0 45.3l192 192z"
              fill="currentColor"
            />
          </svg>
          <fieldset
            aria-hidden="true"
            class="MuiOutlinedInput-notchedOutline emotion-11"
          >
            <legend
              class="emotion-12"
            >
              <span
                class="notranslate"
              >
                ​
              </span>
            </legend>
          </fieldset>
        </div>
      </div>
    </div>
    <div
      class="MuiTableContainer-root transactions-table emotion-13"
    >
      <table
        class="MuiTable-root emotion-14"
      >
        <thead
          class="MuiTableHead-root emotion-15"
        >
          <tr
            class="MuiTableRow-root MuiTableRow-head emotion-16"
          >
            <th
              class="MuiTableCell-root MuiTableCell-head MuiTableCell-sizeMedium emotion-17"
              scope="col"
            >
              <p
                class="MuiTypography-root MuiTypography-body2 emotion-9"
              >
                Type
              </p>
            </th>
            <th
              class="MuiTableCell-root MuiTableCell-head MuiTableCell-alignRight MuiTableCell-sizeMedium emotion-19"
              scope="col"
            >
              <p
                class="MuiTypography-root MuiTypography-body2 emotion-9"
              >
                ID
              </p>
            </th>
            <th
              class="MuiTableCell-root MuiTableCell-head MuiTableCell-alignRight MuiTableCell-sizeMedium emotion-19"
              scope="col"
            >
              <p
                class="MuiTypography-root MuiTypography-body2 emotion-9"
              >
                Height
              </p>
            </th>
            <th
              class="MuiTableCell-root MuiTableCell-head MuiTableCell-alignRight MuiTableCell-sizeMedium emotion-19"
              scope="col"
            >
              <p
                class="MuiTypography-root MuiTypography-body2 emotion-9"
              >
                Sender
              </p>
            </th>
            <th
              class="MuiTableCell-root MuiTableCell-head MuiTableCell-alignRight MuiTableCell-sizeMedium emotion-19"
              scope="col"
            >
              <p
                class="MuiTypography-root MuiTypography-body2 emotion-9"
              >
                Time
              </p>
            </th>
          </tr>
        </thead>
        <tbody
          class="MuiTableBody-root emotion-27"
        >
          <tr
            class="MuiTableRow-root emotion-28"
            data-testid="table-transaction-row"
          >
            <td
              class="MuiTableCell-root MuiTableCell-body MuiTableCell-sizeMedium emotion-29"
            >
              <div
                class="name-td MuiBox-root emotion-1"
              >
                <p
                  class="MuiTypography-root MuiTypography-body1 emotion-31"
                >
                  1
                </p>
                 
                <p
                  class="MuiTypography-root MuiTypography-body1 emotion-31"
                >
                  swapExactIn
                </p>
              </div>
            </td>
            <td
              class="MuiTableCell-root MuiTableCell-body MuiTableCell-alignRight MuiTableCell-sizeMedium emotion-33"
            >
              <a
                href="https://testnet.liskscan.com/transaction/f9593f101c4acafc3ede650ab4c10fa2ecb59b225813eddbbb17b47e96932e9b"
                rel="noreferrer"
                target="_blank"
              >
                <div
                  class="action-td MuiBox-root emotion-1"
                >
                  <p
                    class="MuiTypography-root MuiTypography-body2 emotion-9"
                  >
                    f9593f...2e9b
                  </p>
                  <svg
                    aria-hidden="true"
                    class="svg-inline--fa fa-arrow-up-right-from-square "
                    data-icon="arrow-up-right-from-square"
                    data-prefix="fas"
                    focusable="false"
                    role="img"
                    viewBox="0 0 512 512"
                    xmlns="http://www.w3.org/2000/svg"
                  >
                    <path
                      d="M320 0c-17.7 0-32 14.3-32 32s14.3 32 32 32h82.7L201.4 265.4c-12.5 12.5-12.5 32.8 0 45.3s32.8 12.5 45.3 0L448 109.3V192c0 17.7 14.3 32 32 32s32-14.3 32-32V32c0-17.7-14.3-32-32-32H320zM80 32C35.8 32 0 67.8 0 112V432c0 44.2 35.8 80 80 80H400c44.2 0 80-35.8 80-80V320c0-17.7-14.3-32-32-32s-32 14.3-32 32V432c0 8.8-7.2 16-16 16H80c-8.8 0-16-7.2-16-16V112c0-8.8 7.2-16 16-16H192c17.7 0 32-14.3 32-32s-14.3-32-32-32H80z"
                      fill="currentColor"
                    />
                  </svg>
                </div>
              </a>
            </td>
            <td
              class="MuiTableCell-root MuiTableCell-body MuiTableCell-alignRight MuiTableCell-sizeMedium emotion-33"
            >
              <div
                class="details-td MuiBox-root emotion-1"
              >
                <p
                  class="MuiTypography-root MuiTypography-body1 emotion-31"
                >
                  8350681
                </p>
              </div>
            </td>
            <td
              class="MuiTableCell-root MuiTableCell-body MuiTableCell-alignRight MuiTableCell-sizeMedium emotion-33"
            >
              <a
                href="https://testnet.liskscan.com/account/lskdwsyfmcko6mcd357446yatromr9vzgu7eb8y99"
                rel="noreferrer"
                target="_blank"
              >
                <div
                  class="action-td MuiBox-root emotion-1"
                >
                  <p
                    class="MuiTypography-root MuiTypography-body2 emotion-9"
                  >
                    lskdws...8y99
                  </p>
                  <svg
                    aria-hidden="true"
                    class="svg-inline--fa fa-arrow-up-right-from-square "
                    data-icon="arrow-up-right-from-square"
                    data-prefix="fas"
                    focusable="false"
                    role="img"
                    viewBox="0 0 512 512"
                    xmlns="http://www.w3.org/2000/svg"
                  >
                    <path
                      d="M320 0c-17.7 0-32 14.3-32 32s14.3 32 32 32h82.7L201.4 265.4c-12.5 12.5-12.5 32.8 0 45.3s32.8 12.5 45.3 0L448 109.3V192c0 17.7 14.3 32 32 32s32-14.3 32-32V32c0-17.7-14.3-32-32-32H320zM80 32C35.8 32 0 67.8 0 112V432c0 44.2 35.8 80 80 80H400c44.2 0 80-35.8 80-80V320c0-17.7-14.3-32-32-32s-32 14.3-32 32V432c0 8.8-7.2 16-16 16H80c-8.8 0-16-7.2-16-16V112c0-8.8 7.2-16 16-16H192c17.7 0 32-14.3 32-32s-14.3-32-32-32H80z"
                      fill="currentColor"
                    />
                  </svg>
                </div>
              </a>
            </td>
            <td
              class="MuiTableCell-root MuiTableCell-body MuiTableCell-alignRight MuiTableCell-sizeMedium emotion-33"
            >
              1/19/1970, 4:08:43 PM
            </td>
          </tr>
        </tbody>
      </table>
    </div>
    <div
      class="transactions-pager MuiBox-root emotion-1"
    >
      <div
        class="MuiFormControl-root row-count-dropdown emotion-6"
      >
        <div
          class="MuiInputBase-root MuiOutlinedInput-root MuiInputBase-colorPrimary MuiInputBase-formControl  emotion-7"
          data-testid="dropdown-select"
        >
          <div
            aria-expanded="false"
            aria-haspopup="listbox"
            class="MuiSelect-select MuiSelect-outlined MuiInputBase-input MuiOutlinedInput-input emotion-8"
            role="button"
            tabindex="0"
          >
            <div
              class="show-rows-dropdown MuiBox-root emotion-1"
            >
              <h6
                class="MuiTypography-root MuiTypography-h6 emotion-48"
              >
                Show rows:
              </h6>
              <p
                class="MuiTypography-root MuiTypography-body2 emotion-9"
              >
                10
              </p>
            </div>
          </div>
          <input
            aria-hidden="true"
            aria-invalid="false"
            class="MuiSelect-nativeInput emotion-10"
            tabindex="-1"
            value="10"
          />
          <svg
            aria-hidden="true"
            class="svg-inline--fa fa-chevron-down dropdown-arrow"
            data-icon="chevron-down"
            data-prefix="fas"
            focusable="false"
            role="img"
            viewBox="0 0 512 512"
            xmlns="http://www.w3.org/2000/svg"
          >
            <path
              d="M233.4 406.6c12.5 12.5 32.8 12.5 45.3 0l192-192c12.5-12.5 12.5-32.8 0-45.3s-32.8-12.5-45.3 0L256 338.7 86.6 169.4c-12.5-12.5-32.8-12.5-45.3 0s-12.5 32.8 0 45.3l192 192z"
              fill="currentColor"
            />
          </svg>
          <fieldset
            aria-hidden="true"
            class="MuiOutlinedInput-notchedOutline emotion-11"
          >
            <legend
              class="emotion-12"
            >
              <span
                class="notranslate"
              >
                ​
              </span>
            </legend>
          </fieldset>
        </div>
      </div>
      <button
        class="MuiButtonBase-root Mui-disabled MuiIconButton-root Mui-disabled MuiIconButton-sizeMedium emotion-53"
        data-testid="previous-page-test"
        disabled=""
        tabindex="-1"
        type="button"
      >
        <svg
          aria-hidden="true"
          class="svg-inline--fa fa-arrow-left "
          data-icon="arrow-left"
          data-prefix="fas"
          focusable="false"
          role="img"
          viewBox="0 0 448 512"
          xmlns="http://www.w3.org/2000/svg"
        >
          <path
            d="M9.4 233.4c-12.5 12.5-12.5 32.8 0 45.3l160 160c12.5 12.5 32.8 12.5 45.3 0s12.5-32.8 0-45.3L109.2 288 416 288c17.7 0 32-14.3 32-32s-14.3-32-32-32l-306.7 0L214.6 118.6c12.5-12.5 12.5-32.8 0-45.3s-32.8-12.5-45.3 0l-160 160z"
            fill="currentColor"
          />
        </svg>
      </button>
      <p
        class="MuiTypography-root MuiTypography-body2 emotion-9"
      >
        Page 
        1
         of 
        1
      </p>
      <button
        class="MuiButtonBase-root Mui-disabled MuiIconButton-root Mui-disabled MuiIconButton-sizeMedium emotion-53"
        data-testid="transaction-table-next-page-test"
        disabled=""
        tabindex="-1"
        type="button"
      >
        <svg
          aria-hidden="true"
          class="svg-inline--fa fa-arrow-right "
          data-icon="arrow-right"
          data-prefix="fas"
          focusable="false"
          role="img"
          viewBox="0 0 448 512"
          xmlns="http://www.w3.org/2000/svg"
        >
          <path
            d="M438.6 278.6c12.5-12.5 12.5-32.8 0-45.3l-160-160c-12.5-12.5-32.8-12.5-45.3 0s-12.5 32.8 0 45.3L338.8 224 32 224c-17.7 0-32 14.3-32 32s14.3 32 32 32l306.7 0L233.4 393.4c-12.5 12.5-12.5 32.8 0 45.3s32.8 12.5 45.3 0l160-160z"
            fill="currentColor"
          />
        </svg>
      </button>
    </div>
  </div>
</div>
`;
