// Jest Snapshot v1, https://goo.gl/fbAQLP

exports[`ConnectWalletModal component checks if the component matches the snapshot 1`] = `Screen {}`;
