// Jest Snapshot v1, https://goo.gl/fbAQLP

exports[`FeaturedPools component checks if the component matches the snapshot 1`] = `
.emotion-0 {
  position: relative;
}

.emotion-0 .feature-pools-container {
  overflow: auto;
  display: -webkit-box;
  display: -webkit-flex;
  display: -ms-flexbox;
  display: flex;
  scroll-behavior: smooth;
  -webkit-transition: all 1s ease-in-out;
  transition: all 1s ease-in-out;
}

.emotion-0 .feature-pools-container::-webkit-scrollbar {
  display: none;
}

.emotion-0 .scroll-button {
  position: absolute;
  top: 50%;
  -webkit-transform: translateY(-50%);
  -moz-transform: translateY(-50%);
  -ms-transform: translateY(-50%);
  transform: translateY(-50%);
  width: 2.5rem;
  height: 2.5rem;
}

.emotion-0 .scroll-button.left {
  left: -2.5rem;
}

@media (max-width:767.95px) {
  .emotion-0 .scroll-button.left {
    left: 0rem;
  }
}

.emotion-0 .scroll-button.right {
  right: -2.5rem;
}

@media (max-width:767.95px) {
  .emotion-0 .scroll-button.right {
    right: 0rem;
  }
}

.emotion-0 .scroll-button svg {
  color: #6953F4;
}

.emotion-0 .pool-box {
  width: -webkit-fit-content;
  width: -moz-fit-content;
  width: fit-content;
  padding: 2px;
  border-radius: 0.5rem;
  background: linear-gradient(90deg, rgba(66, 112, 245, 0.8) 14.06%, rgba(83, 120, 228, 0.8) 36.98%, rgba(231, 36, 176, 0.9) 81.25%);
  margin-right: 2.5rem;
}

.emotion-0 .pool-box:hover {
  background: #0C152E;
}

.emotion-0 .pool-box:hover .pool-box-inner {
  background: #261E59;
}

.emotion-0 .pool-box:hover .token-name {
  color: #FFFFFF;
}

.emotion-0 .pool-box:hover .pool-detail-value {
  color: #FFFFFF;
}

.emotion-0 .pool-box .pool-box-inner {
  width: 18rem;
  height: 10.5rem;
  box-sizing: border-box;
  padding: 1.5rem;
  border-radius: 0.5rem;
  background: #FFFFFF;
}

.emotion-0 .pool-box .pool-tokens {
  display: -webkit-box;
  display: -webkit-flex;
  display: -ms-flexbox;
  display: flex;
}

.emotion-0 .pool-box .pool-tokens .token2-image {
  margin-left: -0.75rem;
}

.emotion-0 .pool-box .pool-tokens .token-name {
  margin-left: 1.25rem;
}

.emotion-0 .pool-box .pool-tokens .token-name h4 {
  font-weight: 500;
}

.emotion-0 .pool-box .pool-detail {
  display: -webkit-box;
  display: -webkit-flex;
  display: -ms-flexbox;
  display: flex;
  -webkit-box-pack: justify;
  -webkit-justify-content: space-between;
  justify-content: space-between;
  margin-top: 2rem;
}

.emotion-0 .pool-box .pool-detail .pool-detail-title {
  color: #6B7280;
}

.emotion-1 {
  display: -webkit-inline-box;
  display: -webkit-inline-flex;
  display: -ms-inline-flexbox;
  display: inline-flex;
  -webkit-align-items: center;
  -webkit-box-align: center;
  -ms-flex-align: center;
  align-items: center;
  -webkit-box-pack: center;
  -ms-flex-pack: center;
  -webkit-justify-content: center;
  justify-content: center;
  position: relative;
  box-sizing: border-box;
  -webkit-tap-highlight-color: transparent;
  background-color: transparent;
  outline: 0;
  border: 0;
  margin: 0;
  border-radius: 0;
  padding: 0;
  cursor: pointer;
  -webkit-user-select: none;
  -moz-user-select: none;
  -ms-user-select: none;
  user-select: none;
  vertical-align: middle;
  -moz-appearance: none;
  -webkit-appearance: none;
  -webkit-text-decoration: none;
  text-decoration: none;
  color: inherit;
  text-align: center;
  -webkit-flex: 0 0 auto;
  -ms-flex: 0 0 auto;
  flex: 0 0 auto;
  font-size: 1.5rem;
  padding: 8px;
  border-radius: 50%;
  overflow: visible;
  color: rgba(0, 0, 0, 0.54);
  -webkit-transition: background-color 150ms cubic-bezier(0.4, 0, 0.2, 1) 0ms;
  transition: background-color 150ms cubic-bezier(0.4, 0, 0.2, 1) 0ms;
}

.emotion-1::-moz-focus-inner {
  border-style: none;
}

.emotion-1.Mui-disabled {
  pointer-events: none;
  cursor: default;
}

@media print {
  .emotion-1 {
    -webkit-print-color-adjust: exact;
    color-adjust: exact;
  }
}

.emotion-1:hover {
  background-color: rgba(0, 0, 0, 0.04);
}

@media (hover: none) {
  .emotion-1:hover {
    background-color: transparent;
  }
}

.emotion-1.Mui-disabled {
  background-color: transparent;
  color: rgba(0, 0, 0, 0.26);
}

.emotion-2 {
  overflow: hidden;
  pointer-events: none;
  position: absolute;
  z-index: 0;
  top: 0;
  right: 0;
  bottom: 0;
  left: 0;
  border-radius: inherit;
}

.emotion-10 {
  margin: 0;
  font-size: 1.25rem;
  line-height: 1.5rem;
  font-weight: 600;
  font-family: "Roboto","Helvetica","Arial",sans-serif;
  letter-spacing: 0.00735em;
}

.emotion-14 {
  margin: 0;
  font-size: 0.875rem;
  line-height: 1.125rem;
  font-weight: 400;
  font-family: "Roboto","Helvetica","Arial",sans-serif;
  letter-spacing: 0.01071em;
}

<div>
  <div
    class="featured-pools emotion-0"
  >
    <button
      class="MuiButtonBase-root MuiIconButton-root MuiIconButton-sizeMedium scroll-button left emotion-1"
      tabindex="0"
      type="button"
    >
      <svg
        aria-hidden="true"
        class="svg-inline--fa fa-chevron-left "
        data-icon="chevron-left"
        data-prefix="fas"
        focusable="false"
        role="img"
        viewBox="0 0 320 512"
        xmlns="http://www.w3.org/2000/svg"
      >
        <path
          d="M9.4 233.4c-12.5 12.5-12.5 32.8 0 45.3l192 192c12.5 12.5 32.8 12.5 45.3 0s12.5-32.8 0-45.3L77.3 256 246.6 86.6c12.5-12.5 12.5-32.8 0-45.3s-32.8-12.5-45.3 0l-192 192z"
          fill="currentColor"
        />
      </svg>
      <span
        class="MuiTouchRipple-root emotion-2"
      />
    </button>
    <div
      class="feature-pools-container MuiBox-root emotion-3"
    >
      <div
        class="pool-box MuiBox-root emotion-3"
        data-testid="feature-pool-item-0"
      >
        <div
          class="pool-box-inner MuiBox-root emotion-3"
        >
          <div
            class="pool-tokens MuiBox-root emotion-3"
          >
            <div
              class="token1-image MuiBox-root emotion-3"
            >
              <span
                style="box-sizing: border-box; display: inline-block; overflow: hidden; background: none; opacity: 1; border: 0px; margin: 0px; padding: 0px; position: relative; max-width: 100%;"
              >
                <span
                  style="box-sizing: border-box; display: block; background: none; opacity: 1; border: 0px; margin: 0px; padding: 0px; max-width: 100%;"
                >
                  <img
                    alt=""
                    aria-hidden="true"
                    src="data:image/svg+xml,%3csvg%20xmlns=%27http://www.w3.org/2000/svg%27%20version=%271.1%27%20width=%2748%27%20height=%2748%27/%3e"
                    style="display: block; max-width: 100%; background: none; opacity: 1; border: 0px; margin: 0px; padding: 0px;"
                  />
                </span>
                <img
                  data-nimg="intrinsic"
                  decoding="async"
                  src="data:image/gif;base64,R0lGODlhAQABAIAAAAAAAP///yH5BAEAAAAALAAAAAABAAEAAAIBRAA7"
                  style="position: absolute; top: 0px; left: 0px; bottom: 0px; right: 0px; box-sizing: border-box; padding: 0px; margin: auto; display: block; width: 0px; height: 0px; min-width: 100%; max-width: 100%; min-height: 100%; max-height: 100%;"
                />
                <noscript />
              </span>
            </div>
            <div
              class="token2-image MuiBox-root emotion-3"
            >
              <span
                style="box-sizing: border-box; display: inline-block; overflow: hidden; background: none; opacity: 1; border: 0px; margin: 0px; padding: 0px; position: relative; max-width: 100%;"
              >
                <span
                  style="box-sizing: border-box; display: block; background: none; opacity: 1; border: 0px; margin: 0px; padding: 0px; max-width: 100%;"
                >
                  <img
                    alt=""
                    aria-hidden="true"
                    src="data:image/svg+xml,%3csvg%20xmlns=%27http://www.w3.org/2000/svg%27%20version=%271.1%27%20width=%2748%27%20height=%2748%27/%3e"
                    style="display: block; max-width: 100%; background: none; opacity: 1; border: 0px; margin: 0px; padding: 0px;"
                  />
                </span>
                <img
                  data-nimg="intrinsic"
                  decoding="async"
                  src="data:image/gif;base64,R0lGODlhAQABAIAAAAAAAP///yH5BAEAAAAALAAAAAABAAEAAAIBRAA7"
                  style="position: absolute; top: 0px; left: 0px; bottom: 0px; right: 0px; box-sizing: border-box; padding: 0px; margin: auto; display: block; width: 0px; height: 0px; min-width: 100%; max-width: 100%; min-height: 100%; max-height: 100%;"
                />
                <noscript />
              </span>
            </div>
            <div
              class="token-name MuiBox-root emotion-3"
            >
              <h4
                class="MuiTypography-root MuiTypography-h4 emotion-10"
              >
                LSK
              </h4>
              <h4
                class="MuiTypography-root MuiTypography-h4 emotion-10"
              >
                DEX
              </h4>
            </div>
          </div>
          <div
            class="pool-detail MuiBox-root emotion-3"
          >
            <div
              class="pool-apy MuiBox-root emotion-3"
            >
              <p
                class="MuiTypography-root MuiTypography-body2 pool-detail-title emotion-14"
              >
                APY
              </p>
              <p
                class="MuiTypography-root MuiTypography-body2 pool-detail-value emotion-14"
              >
                3.24
                %
              </p>
            </div>
            <div
              class="pool-liquidity MuiBox-root emotion-3"
            >
              <p
                class="MuiTypography-root MuiTypography-body2 pool-detail-title emotion-14"
              >
                Pool Liquidity
              </p>
              <p
                class="MuiTypography-root MuiTypography-body2 pool-detail-value emotion-14"
              >
                $
                6.06
              </p>
            </div>
            <div
              class="pool-apy MuiBox-root emotion-3"
            >
              <p
                class="MuiTypography-root MuiTypography-body2 pool-detail-title emotion-14"
              >
                Fees (24H)
              </p>
              <p
                class="MuiTypography-root MuiTypography-body2 pool-detail-value emotion-14"
              >
                1.5
              </p>
            </div>
          </div>
        </div>
      </div>
      <div
        class="pool-box MuiBox-root emotion-3"
        data-testid="feature-pool-item-1"
      >
        <div
          class="pool-box-inner MuiBox-root emotion-3"
        >
          <div
            class="pool-tokens MuiBox-root emotion-3"
          >
            <div
              class="token1-image MuiBox-root emotion-3"
            >
              <span
                style="box-sizing: border-box; display: inline-block; overflow: hidden; background: none; opacity: 1; border: 0px; margin: 0px; padding: 0px; position: relative; max-width: 100%;"
              >
                <span
                  style="box-sizing: border-box; display: block; background: none; opacity: 1; border: 0px; margin: 0px; padding: 0px; max-width: 100%;"
                >
                  <img
                    alt=""
                    aria-hidden="true"
                    src="data:image/svg+xml,%3csvg%20xmlns=%27http://www.w3.org/2000/svg%27%20version=%271.1%27%20width=%2748%27%20height=%2748%27/%3e"
                    style="display: block; max-width: 100%; background: none; opacity: 1; border: 0px; margin: 0px; padding: 0px;"
                  />
                </span>
                <img
                  data-nimg="intrinsic"
                  decoding="async"
                  src="data:image/gif;base64,R0lGODlhAQABAIAAAAAAAP///yH5BAEAAAAALAAAAAABAAEAAAIBRAA7"
                  style="position: absolute; top: 0px; left: 0px; bottom: 0px; right: 0px; box-sizing: border-box; padding: 0px; margin: auto; display: block; width: 0px; height: 0px; min-width: 100%; max-width: 100%; min-height: 100%; max-height: 100%;"
                />
                <noscript />
              </span>
            </div>
            <div
              class="token2-image MuiBox-root emotion-3"
            >
              <span
                style="box-sizing: border-box; display: inline-block; overflow: hidden; background: none; opacity: 1; border: 0px; margin: 0px; padding: 0px; position: relative; max-width: 100%;"
              >
                <span
                  style="box-sizing: border-box; display: block; background: none; opacity: 1; border: 0px; margin: 0px; padding: 0px; max-width: 100%;"
                >
                  <img
                    alt=""
                    aria-hidden="true"
                    src="data:image/svg+xml,%3csvg%20xmlns=%27http://www.w3.org/2000/svg%27%20version=%271.1%27%20width=%2748%27%20height=%2748%27/%3e"
                    style="display: block; max-width: 100%; background: none; opacity: 1; border: 0px; margin: 0px; padding: 0px;"
                  />
                </span>
                <img
                  data-nimg="intrinsic"
                  decoding="async"
                  src="data:image/gif;base64,R0lGODlhAQABAIAAAAAAAP///yH5BAEAAAAALAAAAAABAAEAAAIBRAA7"
                  style="position: absolute; top: 0px; left: 0px; bottom: 0px; right: 0px; box-sizing: border-box; padding: 0px; margin: auto; display: block; width: 0px; height: 0px; min-width: 100%; max-width: 100%; min-height: 100%; max-height: 100%;"
                />
                <noscript />
              </span>
            </div>
            <div
              class="token-name MuiBox-root emotion-3"
            >
              <h4
                class="MuiTypography-root MuiTypography-h4 emotion-10"
              >
                LSK
              </h4>
              <h4
                class="MuiTypography-root MuiTypography-h4 emotion-10"
              >
                DEX
              </h4>
            </div>
          </div>
          <div
            class="pool-detail MuiBox-root emotion-3"
          >
            <div
              class="pool-apy MuiBox-root emotion-3"
            >
              <p
                class="MuiTypography-root MuiTypography-body2 pool-detail-title emotion-14"
              >
                APY
              </p>
              <p
                class="MuiTypography-root MuiTypography-body2 pool-detail-value emotion-14"
              >
                11.24
                %
              </p>
            </div>
            <div
              class="pool-liquidity MuiBox-root emotion-3"
            >
              <p
                class="MuiTypography-root MuiTypography-body2 pool-detail-title emotion-14"
              >
                Pool Liquidity
              </p>
              <p
                class="MuiTypography-root MuiTypography-body2 pool-detail-value emotion-14"
              >
                $
                2.3
              </p>
            </div>
            <div
              class="pool-apy MuiBox-root emotion-3"
            >
              <p
                class="MuiTypography-root MuiTypography-body2 pool-detail-title emotion-14"
              >
                Fees (24H)
              </p>
              <p
                class="MuiTypography-root MuiTypography-body2 pool-detail-value emotion-14"
              >
                2.9
              </p>
            </div>
          </div>
        </div>
      </div>
    </div>
    <button
      class="MuiButtonBase-root MuiIconButton-root MuiIconButton-sizeMedium scroll-button right emotion-1"
      tabindex="0"
      type="button"
    >
      <svg
        aria-hidden="true"
        class="svg-inline--fa fa-chevron-right "
        data-icon="chevron-right"
        data-prefix="fas"
        focusable="false"
        role="img"
        viewBox="0 0 320 512"
        xmlns="http://www.w3.org/2000/svg"
      >
        <path
          d="M310.6 233.4c12.5 12.5 12.5 32.8 0 45.3l-192 192c-12.5 12.5-32.8 12.5-45.3 0s-12.5-32.8 0-45.3L242.7 256 73.4 86.6c-12.5-12.5-12.5-32.8 0-45.3s32.8-12.5 45.3 0l192 192z"
          fill="currentColor"
        />
      </svg>
      <span
        class="MuiTouchRipple-root emotion-2"
      />
    </button>
  </div>
</div>
`;
