// Jest Snapshot v1, https://goo.gl/fbAQLP

exports[`Dropdown component checks if the component matches the snapshot 1`] = `
.emotion-0 {
  display: -webkit-inline-box;
  display: -webkit-inline-flex;
  display: -ms-inline-flexbox;
  display: inline-flex;
  -webkit-flex-direction: column;
  -ms-flex-direction: column;
  flex-direction: column;
  position: relative;
  min-width: 0;
  padding: 0;
  margin: 0;
  border: 0;
  vertical-align: top;
}

.emotion-0 .MuiFormLabel-root {
  position: unset;
  display: -webkit-box;
  display: -webkit-flex;
  display: -ms-flexbox;
  display: flex;
  color: #282828!important;
  font-size: 0.875rem;
  line-height: 1.124rem;
  font-weight: 400;
  -webkit-transform: none;
  -moz-transform: none;
  -ms-transform: none;
  transform: none;
  -webkit-transform: none;
  -ms-transform: none;
  margin-bottom: 0.5rem;
}

.emotion-0 .MuiFormLabel-root svg {
  cursor: pointer;
  margin-left: 0.25rem;
}

.emotion-0 .MuiFormLabel-root svg path {
  stroke: #6B7280!important;
}

.emotion-0 .MuiOutlinedInput-root {
  border-radius: 0.25rem;
  color: #282828;
  border: 0.5px solid #E6E6E6;
  background: unset;
  -webkit-animation-duration: 1s!important;
  animation-duration: 1s!important;
  font-size: 1rem;
  line-height: 2rem;
}

.emotion-0 .MuiOutlinedInput-root .MuiSelect-select {
  padding: 0.75rem 4rem 0.75rem 1rem!important;
}

.emotion-0 .MuiOutlinedInput-root fieldset {
  border: none;
}

.emotion-0 .MuiOutlinedInput-root:hover {
  border: 1px solid #A196F6;
}

.emotion-0 .MuiOutlinedInput-root:focus-within {
  border: 1px solid #6953F4;
}

.emotion-0 .dropdown-arrow {
  display: inline-block;
  width: 0.5rem;
  margin-right: 1rem;
  -webkit-user-select: none;
  -moz-user-select: none;
  -ms-user-select: none;
  user-select: none;
  -webkit-flex-shrink: 0;
  -ms-flex-negative: 0;
  flex-shrink: 0;
  -webkit-transition: fill 200ms cubic-bezier(0.4, 0, 0.2, 1) 0ms;
  transition: fill 200ms cubic-bezier(0.4, 0, 0.2, 1) 0ms;
  position: absolute;
  right: 0.5rem;
  top: calc(50% - 0.5em);
  pointer-events: none;
}

.emotion-1 {
  color: rgba(0, 0, 0, 0.6);
  font-size: 1rem;
  line-height: 1.4375em;
  font-weight: 500;
  font-family: "Roboto","Helvetica","Arial",sans-serif;
  letter-spacing: 0.00938em;
  padding: 0;
  position: relative;
}

.emotion-1.Mui-focused {
  color: #1976d2;
}

.emotion-1.Mui-disabled {
  color: rgba(0, 0, 0, 0.38);
}

.emotion-1.Mui-error {
  color: #d32f2f;
}

.emotion-2 {
  font-size: 1rem;
  line-height: 1.4375em;
  font-weight: 500;
  font-family: "Roboto","Helvetica","Arial",sans-serif;
  letter-spacing: 0.00938em;
  color: rgba(0, 0, 0, 0.87);
  box-sizing: border-box;
  position: relative;
  cursor: text;
  display: -webkit-inline-box;
  display: -webkit-inline-flex;
  display: -ms-inline-flexbox;
  display: inline-flex;
  -webkit-align-items: center;
  -webkit-box-align: center;
  -ms-flex-align: center;
  align-items: center;
  position: relative;
  border-radius: 4px;
}

.emotion-2.Mui-disabled {
  color: rgba(0, 0, 0, 0.38);
  cursor: default;
}

.emotion-2:hover .MuiOutlinedInput-notchedOutline {
  border-color: rgba(0, 0, 0, 0.87);
}

@media (hover: none) {
  .emotion-2:hover .MuiOutlinedInput-notchedOutline {
    border-color: rgba(0, 0, 0, 0.23);
  }
}

.emotion-2.Mui-focused .MuiOutlinedInput-notchedOutline {
  border-color: #1976d2;
  border-width: 2px;
}

.emotion-2.Mui-error .MuiOutlinedInput-notchedOutline {
  border-color: #d32f2f;
}

.emotion-2.Mui-disabled .MuiOutlinedInput-notchedOutline {
  border-color: rgba(0, 0, 0, 0.26);
}

.emotion-3 {
  -moz-appearance: none;
  -webkit-appearance: none;
  -webkit-user-select: none;
  -moz-user-select: none;
  -ms-user-select: none;
  user-select: none;
  border-radius: 4px;
  cursor: pointer;
  font: inherit;
  letter-spacing: inherit;
  color: currentColor;
  padding: 4px 0 5px;
  border: 0;
  box-sizing: content-box;
  background: none;
  height: 1.4375em;
  margin: 0;
  -webkit-tap-highlight-color: transparent;
  display: block;
  min-width: 0;
  width: 100%;
  -webkit-animation-name: mui-auto-fill-cancel;
  animation-name: mui-auto-fill-cancel;
  -webkit-animation-duration: 10ms;
  animation-duration: 10ms;
  padding: 16.5px 14px;
}

.emotion-3:focus {
  border-radius: 4px;
}

.emotion-3::-ms-expand {
  display: none;
}

.emotion-3.Mui-disabled {
  cursor: default;
}

.emotion-3[multiple] {
  height: auto;
}

.emotion-3:not([multiple]) option,
.emotion-3:not([multiple]) optgroup {
  background-color: #fff;
}

.emotion-3.emotion-3.emotion-3 {
  padding-right: 32px;
}

.emotion-3.MuiSelect-select {
  height: auto;
  min-height: 1.4375em;
  text-overflow: ellipsis;
  white-space: nowrap;
  overflow: hidden;
}

.emotion-3::-webkit-input-placeholder {
  color: currentColor;
  opacity: 0.42;
  -webkit-transition: opacity 200ms cubic-bezier(0.4, 0, 0.2, 1) 0ms;
  transition: opacity 200ms cubic-bezier(0.4, 0, 0.2, 1) 0ms;
}

.emotion-3::-moz-placeholder {
  color: currentColor;
  opacity: 0.42;
  -webkit-transition: opacity 200ms cubic-bezier(0.4, 0, 0.2, 1) 0ms;
  transition: opacity 200ms cubic-bezier(0.4, 0, 0.2, 1) 0ms;
}

.emotion-3:-ms-input-placeholder {
  color: currentColor;
  opacity: 0.42;
  -webkit-transition: opacity 200ms cubic-bezier(0.4, 0, 0.2, 1) 0ms;
  transition: opacity 200ms cubic-bezier(0.4, 0, 0.2, 1) 0ms;
}

.emotion-3::-ms-input-placeholder {
  color: currentColor;
  opacity: 0.42;
  -webkit-transition: opacity 200ms cubic-bezier(0.4, 0, 0.2, 1) 0ms;
  transition: opacity 200ms cubic-bezier(0.4, 0, 0.2, 1) 0ms;
}

.emotion-3:focus {
  outline: 0;
}

.emotion-3:invalid {
  box-shadow: none;
}

.emotion-3::-webkit-search-decoration {
  -webkit-appearance: none;
}

label[data-shrink=false]+.MuiInputBase-formControl .emotion-3::-webkit-input-placeholder {
  opacity: 0!important;
}

label[data-shrink=false]+.MuiInputBase-formControl .emotion-3::-moz-placeholder {
  opacity: 0!important;
}

label[data-shrink=false]+.MuiInputBase-formControl .emotion-3:-ms-input-placeholder {
  opacity: 0!important;
}

label[data-shrink=false]+.MuiInputBase-formControl .emotion-3::-ms-input-placeholder {
  opacity: 0!important;
}

label[data-shrink=false]+.MuiInputBase-formControl .emotion-3:focus::-webkit-input-placeholder {
  opacity: 0.42;
}

label[data-shrink=false]+.MuiInputBase-formControl .emotion-3:focus::-moz-placeholder {
  opacity: 0.42;
}

label[data-shrink=false]+.MuiInputBase-formControl .emotion-3:focus:-ms-input-placeholder {
  opacity: 0.42;
}

label[data-shrink=false]+.MuiInputBase-formControl .emotion-3:focus::-ms-input-placeholder {
  opacity: 0.42;
}

.emotion-3.Mui-disabled {
  opacity: 1;
  -webkit-text-fill-color: rgba(0, 0, 0, 0.38);
}

.emotion-3:-webkit-autofill {
  -webkit-animation-duration: 5000s;
  animation-duration: 5000s;
  -webkit-animation-name: mui-auto-fill;
  animation-name: mui-auto-fill;
}

.emotion-3:-webkit-autofill {
  border-radius: inherit;
}

.emotion-4 {
  bottom: 0;
  left: 0;
  position: absolute;
  opacity: 0;
  pointer-events: none;
  width: 100%;
  box-sizing: border-box;
}

.emotion-5 {
  text-align: left;
  position: absolute;
  bottom: 0;
  right: 0;
  top: -5px;
  left: 0;
  margin: 0;
  padding: 0 8px;
  pointer-events: none;
  border-radius: inherit;
  border-style: solid;
  border-width: 1px;
  overflow: hidden;
  min-width: 0%;
  border-color: rgba(0, 0, 0, 0.23);
}

.emotion-6 {
  float: unset;
  width: auto;
  overflow: hidden;
  padding: 0;
  line-height: 11px;
  -webkit-transition: width 150ms cubic-bezier(0.0, 0, 0.2, 1) 0ms;
  transition: width 150ms cubic-bezier(0.0, 0, 0.2, 1) 0ms;
}

<div>
  <div
    class="MuiFormControl-root emotion-0"
  >
    <label
      class="MuiFormLabel-root MuiFormLabel-colorPrimary MuiFormLabel-filled emotion-1"
    >
      Test Label
    </label>
    <div
      class="MuiInputBase-root MuiOutlinedInput-root MuiInputBase-colorPrimary MuiInputBase-formControl  emotion-2"
      data-testid="dropdown-select"
    >
      <div
        aria-expanded="false"
        aria-haspopup="listbox"
        class="MuiSelect-select MuiSelect-outlined MuiInputBase-input MuiOutlinedInput-input emotion-3"
        role="button"
        tabindex="0"
      >
        Option 2
      </div>
      <input
        aria-hidden="true"
        aria-invalid="false"
        class="MuiSelect-nativeInput emotion-4"
        tabindex="-1"
        value="2"
      />
      <svg
        aria-hidden="true"
        class="svg-inline--fa fa-chevron-down dropdown-arrow"
        data-icon="chevron-down"
        data-prefix="fas"
        focusable="false"
        role="img"
        viewBox="0 0 448 512"
        xmlns="http://www.w3.org/2000/svg"
      >
        <path
          d="M224 416c-8.188 0-16.38-3.125-22.62-9.375l-192-192c-12.5-12.5-12.5-32.75 0-45.25s32.75-12.5 45.25 0L224 338.8l169.4-169.4c12.5-12.5 32.75-12.5 45.25 0s12.5 32.75 0 45.25l-192 192C240.4 412.9 232.2 416 224 416z"
          fill="currentColor"
        />
      </svg>
      <fieldset
        aria-hidden="true"
        class="MuiOutlinedInput-notchedOutline emotion-5"
      >
        <legend
          class="emotion-6"
        >
          <span
            class="notranslate"
          >
            â€‹
          </span>
        </legend>
      </fieldset>
    </div>
  </div>
</div>
`;
